Component: ARM Compiler 5.05 update 2 (build 169) Tool: armlink [4d0f33]

==============================================================================

Section Cross References

    main.o(i.main) refers to _printf_percent.o(.ARM.Collect$$_printf_percent$$00000000) for _printf_percent
    main.o(i.main) refers to _printf_d.o(.ARM.Collect$$_printf_percent$$00000009) for _printf_d
    main.o(i.main) refers to _printf_dec.o(.text) for _printf_int_dec
    main.o(i.main) refers to misc.o(i.NVIC_PriorityGroupConfig) for NVIC_PriorityGroupConfig
    main.o(i.main) refers to delay.o(i.delay_init) for delay_init
    main.o(i.main) refers to usart.o(i.uart_init) for uart_init
    main.o(i.main) refers to vs10xx.o(i.VS_Init) for VS_Init
    main.o(i.main) refers to vs10xx.o(i.VS_Sine_Test) for VS_Sine_Test
    main.o(i.main) refers to ov7670.o(i.OV7670_Init) for OV7670_Init
    main.o(i.main) refers to ov7670.o(i.OV7670_Window_Set) for OV7670_Window_Set
    main.o(i.main) refers to led.o(i.LED_Init) for LED_Init
    main.o(i.main) refers to buuz_out.o(i.BUUZ_Init) for BUUZ_Init
    main.o(i.main) refers to dht11.o(i.DHT11_Init) for DHT11_Init
    main.o(i.main) refers to malloc.o(i.my_mem_init) for my_mem_init
    main.o(i.main) refers to exfuns.o(i.exfuns_init) for exfuns_init
    main.o(i.main) refers to ff.o(i.f_mount) for f_mount
    main.o(i.main) refers to ff.o(i.f_mkdir) for f_mkdir
    main.o(i.main) refers to m8266_init.o(i.M8266_INIT) for M8266_INIT
    main.o(i.main) refers to ext.o(i.EXTI8_Init) for EXTI8_Init
    main.o(i.main) refers to ext.o(i.EXTI2_Init) for EXTI2_Init
    main.o(i.main) refers to ext.o(i.EXTI1_Init) for EXTI1_Init
    main.o(i.main) refers to time.o(i.TIM3_Int_Init) for TIM3_Int_Init
    main.o(i.main) refers to time.o(i.TIM4_Int_Init) for TIM4_Int_Init
    main.o(i.main) refers to m8266_init.o(i.wifi_connect) for wifi_connect
    main.o(i.main) refers to delay.o(i.delay_ms) for delay_ms
    main.o(i.main) refers to noretval__2printf.o(.text) for __2printf
    main.o(i.main) refers to m8266wifidrv.o(i.M8266WIFI_SPI_Query_Connection) for M8266WIFI_SPI_Query_Connection
    main.o(i.main) refers to rt_memclr_w.o(.text) for __aeabi_memclr4
    main.o(i.main) refers to noretval__2sprintf.o(.text) for __2sprintf
    main.o(i.main) refers to m8266wifidrv.o(i.M8266WIFI_SPI_Send_Data) for M8266WIFI_SPI_Send_Data
    main.o(i.main) refers to bmp.o(i.bmp_encode) for bmp_encode
    main.o(i.main) refers to dht11.o(i.DHT11_Read_Data) for DHT11_Read_Data
    main.o(i.main) refers to stm32f10x_gpio.o(i.GPIO_ReadInputDataBit) for GPIO_ReadInputDataBit
    main.o(i.main) refers to sound_get.o(i.recoder_play) for recoder_play
    main.o(i.main) refers to sound_get.o(i.rec_play_wav) for rec_play_wav
    main.o(i.main) refers to ff.o(i.f_unlink) for f_unlink
    main.o(i.main) refers to exfuns.o(.data) for fs
    main.o(i.main) refers to global.o(.data) for wait
    system_stm32f10x.o(i.SetSysClock) refers to system_stm32f10x.o(i.SetSysClockTo72) for SetSysClockTo72
    system_stm32f10x.o(i.SystemCoreClockUpdate) refers to system_stm32f10x.o(.data) for SystemCoreClock
    system_stm32f10x.o(i.SystemInit) refers to system_stm32f10x.o(i.SetSysClock) for SetSysClock
    delay.o(i.delay_init) refers to misc.o(i.SysTick_CLKSourceConfig) for SysTick_CLKSourceConfig
    delay.o(i.delay_init) refers to system_stm32f10x.o(.data) for SystemCoreClock
    delay.o(i.delay_init) refers to delay.o(.data) for fac_us
    delay.o(i.delay_ms) refers to delay.o(.data) for fac_ms
    delay.o(i.delay_us) refers to delay.o(.data) for fac_us
    usart.o(i.USART1_IRQHandler) refers (Special) to use_no_semi_2.o(.text) for __use_no_semihosting
    usart.o(i.USART1_IRQHandler) refers to stm32f10x_usart.o(i.USART_GetITStatus) for USART_GetITStatus
    usart.o(i.USART1_IRQHandler) refers to stm32f10x_usart.o(i.USART_ReceiveData) for USART_ReceiveData
    usart.o(i.USART1_IRQHandler) refers to noretval__2printf.o(.text) for __2printf
    usart.o(i.USART1_IRQHandler) refers to m8266_init.o(i.wifi_connect) for wifi_connect
    usart.o(i.USART1_IRQHandler) refers to delay.o(i.delay_ms) for delay_ms
    usart.o(i.USART1_IRQHandler) refers to usart.o(.data) for USART_RX_STA
    usart.o(i.USART1_IRQHandler) refers to usart.o(.bss) for USART_RX_BUF
    usart.o(i.USART1_IRQHandler) refers to global.o(.data) for goal_ip
    usart.o(i._sys_exit) refers (Special) to use_no_semi_2.o(.text) for __use_no_semihosting
    usart.o(i.fputc) refers (Special) to use_no_semi_2.o(.text) for __use_no_semihosting
    usart.o(i.uart_init) refers (Special) to use_no_semi_2.o(.text) for __use_no_semihosting
    usart.o(i.uart_init) refers to stm32f10x_rcc.o(i.RCC_APB2PeriphClockCmd) for RCC_APB2PeriphClockCmd
    usart.o(i.uart_init) refers to stm32f10x_gpio.o(i.GPIO_Init) for GPIO_Init
    usart.o(i.uart_init) refers to misc.o(i.NVIC_Init) for NVIC_Init
[...]
    __rt_lib_init_argv_1                     0x080001b7   Thumb Code     0  libinit2.o(.ARM.Collect$$libinit$$0000002C)
    __rt_lib_init_atexit_1                   0x080001b7   Thumb Code     0  libinit2.o(.ARM.Collect$$libinit$$0000001B)
    __rt_lib_init_clock_1                    0x080001b7   Thumb Code     0  libinit2.o(.ARM.Collect$$libinit$$00000021)
    __rt_lib_init_cpp_1                      0x080001b7   Thumb Code     0  libinit2.o(.ARM.Collect$$libinit$$00000032)
    __rt_lib_init_exceptions_1               0x080001b7   Thumb Code     0  libinit2.o(.ARM.Collect$$libinit$$00000030)
    __rt_lib_init_fp_1                       0x080001b7   Thumb Code     0  libinit2.o(.ARM.Collect$$libinit$$00000002)
    __rt_lib_init_fp_trap_1                  0x080001b7   Thumb Code     0  libinit2.o(.ARM.Collect$$libinit$$0000001F)
    __rt_lib_init_getenv_1                   0x080001b7   Thumb Code     0  libinit2.o(.ARM.Collect$$libinit$$00000023)
    __rt_lib_init_heap_1                     0x080001b7   Thumb Code     0  libinit2.o(.ARM.Collect$$libinit$$0000000A)
    __rt_lib_init_lc_collate_1               0x080001b7   Thumb Code     0  libinit2.o(.ARM.Collect$$libinit$$00000011)
    __rt_lib_init_lc_ctype_1                 0x080001b7   Thumb Code     0  libinit2.o(.ARM.Collect$$libinit$$00000013)
    __rt_lib_init_lc_monetary_1              0x080001b7   Thumb Code     0  libinit2.o(.ARM.Collect$$libinit$$00000015)
    __rt_lib_init_lc_numeric_1               0x080001b7   Thumb Code     0  libinit2.o(.ARM.Collect$$libinit$$00000017)
    __rt_lib_init_lc_time_1                  0x080001b7   Thumb Code     0  libinit2.o(.ARM.Collect$$libinit$$00000019)
    __rt_lib_init_preinit_1                  0x080001b7   Thumb Code     0  libinit2.o(.ARM.Collect$$libinit$$00000004)
    __rt_lib_init_rand_1                     0x080001b7   Thumb Code     0  libinit2.o(.ARM.Collect$$libinit$$0000000E)
    __rt_lib_init_return                     0x080001b7   Thumb Code     0  libinit2.o(.ARM.Collect$$libinit$$00000033)
    __rt_lib_init_signal_1                   0x080001b7   Thumb Code     0  libinit2.o(.ARM.Collect$$libinit$$0000001D)
    __rt_lib_init_stdio_1                    0x080001b7   Thumb Code     0  libinit2.o(.ARM.Collect$$libinit$$00000025)
    __rt_lib_init_user_alloc_1               0x080001b7   Thumb Code     0  libinit2.o(.ARM.Collect$$libinit$$0000000C)
    __rt_lib_shutdown                        0x080001b9   Thumb Code     0  libshutdown.o(.ARM.Collect$$libshutdown$$00000000)
    __rt_lib_shutdown_fp_trap_1              0x080001bb   Thumb Code     0  libshutdown2.o(.ARM.Collect$$libshutdown$$00000006)
    __rt_lib_shutdown_heap_1                 0x080001bb   Thumb Code     0  libshutdown2.o(.ARM.Collect$$libshutdown$$0000000E)
    __rt_lib_shutdown_return                 0x080001bb   Thumb Code     0  libshutdown2.o(.ARM.Collect$$libshutdown$$0000000F)
    __rt_lib_shutdown_signal_1               0x080001bb   Thumb Code     0  libshutdown2.o(.ARM.Collect$$libshutdown$$00000009)
    __rt_lib_shutdown_stdio_1                0x080001bb   Thumb Code     0  libshutdown2.o(.ARM.Collect$$libshutdown$$00000003)
    __rt_lib_shutdown_user_alloc_1           0x080001bb   Thumb Code     0  libshutdown2.o(.ARM.Collect$$libshutdown$$0000000B)
    __rt_entry                               0x080001bd   Thumb Code     0  __rtentry.o(.ARM.Collect$$rtentry$$00000000)
    __rt_entry_presh_1                       0x080001bd   Thumb Code     0  __rtentry2.o(.ARM.Collect$$rtentry$$00000002)
    __rt_entry_sh                            0x080001bd   Thumb Code     0  __rtentry4.o(.ARM.Collect$$rtentry$$00000004)
    __rt_entry_li                            0x080001c3   Thumb Code     0  __rtentry2.o(.ARM.Collect$$rtentry$$0000000A)
    __rt_entry_postsh_1                      0x080001c3   Thumb Code     0  __rtentry2.o(.ARM.Collect$$rtentry$$00000009)
    __rt_entry_main                          0x080001c7   Thumb Code     0  __rtentry2.o(.ARM.Collect$$rtentry$$0000000D)
    __rt_entry_postli_1                      0x080001c7   Thumb Code     0  __rtentry2.o(.ARM.Collect$$rtentry$$0000000C)
    __rt_exit                                0x080001cf   Thumb Code     0  rtexit.o(.ARM.Collect$$rtexit$$00000000)
    __rt_exit_ls                             0x080001d1   Thumb Code     0  rtexit2.o(.ARM.Collect$$rtexit$$00000003)
    __rt_exit_prels_1                        0x080001d1   Thumb Code     0  rtexit2.o(.ARM.Collect$$rtexit$$00000002)
    __rt_exit_exit                           0x080001d5   Thumb Code     0  rtexit2.o(.ARM.Collect$$rtexit$$00000004)
    Reset_Handler                            0x080001dd   Thumb Code     8  startup_stm32f10x_hd.o(.text)
    ADC1_2_IRQHandler                        0x080001f7   Thumb Code     0  startup_stm32f10x_hd.o(.text)
    ADC3_IRQHandler                          0x080001f7   Thumb Code     0  startup_stm32f10x_hd.o(.text)
    CAN1_RX1_IRQHandler                      0x080001f7   Thumb Code     0  startup_stm32f10x_hd.o(.text)
    CAN1_SCE_IRQHandler                      0x080001f7   Thumb Code     0  startup_stm32f10x_hd.o(.text)
    DMA1_Channel1_IRQHandler                 0x080001f7   Thumb Code     0  startup_stm32f10x_hd.o(.text)
    DMA1_Channel2_IRQHandler                 0x080001f7   Thumb Code     0  startup_stm32f10x_hd.o(.text)
    DMA1_Channel3_IRQHandler                 0x080001f7   Thumb Code     0  startup_stm32f10x_hd.o(.text)
    DMA1_Channel4_IRQHandler                 0x080001f7   Thumb Code     0  startup_stm32f10x_hd.o(.text)
    DMA1_Channel5_IRQHandler                 0x080001f7   Thumb Code     0  startup_stm32f10x_hd.o(.text)
    DMA1_Channel6_IRQHandler                 0x080001f7   Thumb Code     0  startup_stm32f10x_hd.o(.text)
    DMA1_Channel7_IRQHandler                 0x080001f7   Thumb Code     0  startup_stm32f10x_hd.o(.text)
    DMA2_Channel1_IRQHandler                 0x080001f7   Thumb Code     0  startup_stm32f10x_hd.o(.text)
    DMA2_Channel2_IRQHandler                 0x080001f7   Thumb Code     0  startup_stm32f10x_hd.o(.text)
    DMA2_Channel3_IRQHandler                 0x080001f7   Thumb Code     0  startup_stm32f10x_hd.o(.text)
    DMA2_Channel4_5_IRQHandler               0x080001f7   Thumb Code     0  startup_stm32f10x_hd.o(.text)
    EXTI0_IRQHandler                         0x080001f7   Thumb Code     0  startup_stm32f10x_hd.o(.text)
    EXTI15_10_IRQHandler                     0x080001f7   Thumb Code     0  startup_stm32f10x_hd.o(.text)
    EXTI3_IRQHandler                         0x080001f7   Thumb Code     0  startup_stm32f10x_hd.o(.text)
    EXTI4_IRQHandler                         0x080001f7   Thumb Code     0  startup_stm32f10x_hd.o(.text)
    FLASH_IRQHandler                         0x080001f7   Thumb Code     0  startup_stm32f10x_hd.o(.text)
    FSMC_IRQHandler                          0x080001f7   Thumb Code     0  startup_stm32f10x_hd.o(.text)
    I2C1_ER_IRQHandler                       0x080001f7   Thumb Code     0  startup_stm32f10x_hd.o(.text)
    I2C1_EV_IRQHandler                       0x080001f7   Thumb Code     0  startup_stm32f10x_hd.o(.text)
    I2C2_ER_IRQHandler                       0x080001f7   Thumb Code     0  startup_stm32f10x_hd.o(.text)
    I2C2_EV_IRQHandler                       0x080001f7   Thumb Code     0  startup_stm32f10x_hd.o(.text)
    PVD_IRQHandler                           0x080001f7   Thumb Code     0  startup_stm32f10x_hd.o(.text)
    RCC_IRQHandler                           0x080001f7   Thumb Code     0  startup_stm32f10x_hd.o(.text)
    RTCAlarm_IRQHandler                      0x080001f7   Thumb Code     0  startup_stm32f10x_hd.o(.text)
    RTC_IRQHandler                           0x080001f7   Thumb Code     0  startup_stm32f10x_hd.o(.text)
    SPI1_IRQHandler                          0x080001f7   Thumb Code     0  startup_stm32f10x_hd.o(.text)
    SPI2_IRQHandler                          0x080001f7   Thumb Code     0  startup_stm32f10x_hd.o(.text)
    SPI3_IRQHandler                          0x080001f7   Thumb Code     0  startup_stm32f10x_hd.o(.text)
    TAMPER_IRQHandler                        0x080001f7   Thumb Code     0  startup_stm32f10x_hd.o(.text)
    TIM1_BRK_IRQHandler                      0x080001f7   Thumb Code     0  startup_stm32f10x_hd.o(.text)
    TIM1_CC_IRQHandler                       0x080001f7   Thumb Code     0  startup_stm32f10x_hd.o(.text)
    TIM1_TRG_COM_IRQHandler                  0x080001f7   Thumb Code     0  startup_stm32f10x_hd.o(.text)
    TIM1_UP_IRQHandler                       0x080001f7   Thumb Code     0  startup_stm32f10x_hd.o(.text)
    TIM2_IRQHandler                          0x080001f7   Thumb Code     0  startup_stm32f10x_hd.o(.text)
    TIM5_IRQHandler                          0x080001f7   Thumb Code     0  startup_stm32f10x_hd.o(.text)
    TIM6_IRQHandler                          0x080001f7   Thumb Code     0  startup_stm32f10x_hd.o(.text)
    TIM7_IRQHandler                          0x080001f7   Thumb Code     0  startup_stm32f10x_hd.o(.text)
    TIM8_BRK_IRQHandler                      0x080001f7   Thumb Code     0  startup_stm32f10x_hd.o(.text)
    TIM8_CC_IRQHandler                       0x080001f7   Thumb Code     0  startup_stm32f10x_hd.o(.text)
    TIM8_TRG_COM_IRQHandler                  0x080001f7   Thumb Code     0  startup_stm32f10x_hd.o(.text)
    TIM8_UP_IRQHandler                       0x080001f7   Thumb Code     0  startup_stm32f10x_hd.o(.text)
    UART4_IRQHandler                         0x080001f7   Thumb Code     0  startup_stm32f10x_hd.o(.text)
    UART5_IRQHandler                         0x080001f7   Thumb Code     0  startup_stm32f10x_hd.o(.text)
    USART2_IRQHandler                        0x080001f7   Thumb Code     0  startup_stm32f10x_hd.o(.text)
    USART3_IRQHandler                        0x080001f7   Thumb Code     0  startup_stm32f10x_hd.o(.text)
    USBWakeUp_IRQHandler                     0x080001f7   Thumb Code     0  startup_stm32f10x_hd.o(.text)
    USB_HP_CAN1_TX_IRQHandler                0x080001f7   Thumb Code     0  startup_stm32f10x_hd.o(.text)
    USB_LP_CAN1_RX0_IRQHandler               0x080001f7   Thumb Code     0  startup_stm32f10x_hd.o(.text)
    WWDG_IRQHandler                          0x080001f7   Thumb Code     0  startup_stm32f10x_hd.o(.text)
    __user_initial_stackheap                 0x080001f9   Thumb Code     0  startup_stm32f10x_hd.o(.text)
    __use_no_semihosting                     0x0800021d   Thumb Code     2  use_no_semi_2.o(.text)
    __aeabi_ldivmod                          0x0800021f   Thumb Code     0  llsdiv.o(.text)
    _ll_sdiv                                 0x0800021f   Thumb Code    72  llsdiv.o(.text)
    __2printf                                0x08000269   Thumb Code    20  noretval__2printf.o(.text)
    __2sprintf                               0x08000281   Thumb Code    34  noretval__2sprintf.o(.text)
    __printf                                 0x080002a9   Thumb Code   104  __printf.o(.text)
    _printf_str                              0x08000311   Thumb Code    82  _printf_str.o(.text)
    _printf_int_dec                          0x08000365   Thumb Code   104  _printf_dec.o(.text)
    strlen                                   0x080003dd   Thumb Code    62  strlen.o(.text)
    __aeabi_memcpy                           0x0800041b   Thumb Code     0  rt_memcpy_v6.o(.text)
    __rt_memcpy                              0x0800041b   Thumb Code   138  rt_memcpy_v6.o(.text)
    _memcpy_lastbytes                        0x08000481   Thumb Code     0  rt_memcpy_v6.o(.text)
    __aeabi_memclr4                          0x080004a5   Thumb Code     0  rt_memclr_w.o(.text)
    __aeabi_memclr8                          0x080004a5   Thumb Code     0  rt_memclr_w.o(.text)
    __rt_memclr_w                            0x080004a5   Thumb Code    78  rt_memclr_w.o(.text)
    _memset_w                                0x080004a9   Thumb Code     0  rt_memclr_w.o(.text)
    strcmp                                   0x080004f5   Thumb Code   128  strcmpv7m.o(.text)
    __use_two_region_memory                  0x08000575   Thumb Code     2  heapauxi.o(.text)
    __rt_heap_escrow$2region                 0x08000577   Thumb Code     2  heapauxi.o(.text)
    __rt_heap_expand$2region                 0x08000579   Thumb Code     2  heapauxi.o(.text)
    __I$use$semihosting                      0x0800057b   Thumb Code     0  use_no_semi.o(.text)
    __use_no_semihosting_swi                 0x0800057b   Thumb Code     2  use_no_semi.o(.text)
    __aeabi_uldivmod                         0x0800057d   Thumb Code     0  lludivv7m.o(.text)
    _ll_udiv                                 0x0800057d   Thumb Code   238  lludivv7m.o(.text)
    _printf_int_common                       0x0800066b   Thumb Code   178  _printf_intcommon.o(.text)
    _printf_char_common                      0x08000727   Thumb Code    32  _printf_char_common.o(.text)
    _sputc                                   0x0800074d   Thumb Code    10  _sputc.o(.text)
    _printf_cs_common                        0x08000757   Thumb Code    20  _printf_char.o(.text)
    _printf_char                             0x0800076b   Thumb Code    16  _printf_char.o(.text)
    _printf_string                           0x0800077b   Thumb Code     8  _printf_char.o(.text)
    _printf_char_file                        0x08000785   Thumb Code    32  _printf_char_file.o(.text)
    __aeabi_memcpy4                          0x080007a9   Thumb Code     0  rt_memcpy_w.o(.text)
    __aeabi_memcpy8                          0x080007a9   Thumb Code     0  rt_memcpy_w.o(.text)
    __rt_memcpy_w                            0x080007a9   Thumb Code   100  rt_memcpy_w.o(.text)
    _memcpy_lastbytes_aligned                0x080007f1   Thumb Code     0  rt_memcpy_w.o(.text)
    ferror                                   0x0800080d   Thumb Code     8  ferror.o(.text)
    __user_setup_stackheap                   0x08000815   Thumb Code    74  sys_stackheap_outer.o(.text)
    exit                                     0x0800085f   Thumb Code    12  exit.o(.text)
    __user_libspace                          0x0800086d   Thumb Code     8  libspace.o(.text)
    __user_perproc_libspace                  0x0800086d   Thumb Code     0  libspace.o(.text)
    __user_perthread_libspace                0x0800086d   Thumb Code     0  libspace.o(.text)
    BUUZ_Init                                0x08000875   Thumb Code    46  buuz_out.o(i.BUUZ_Init)
    BusFault_Handler                         0x080008ad   Thumb Code     4  stm32f10x_it.o(i.BusFault_Handler)
    CmdError                                 0x080008b1   Thumb Code    48  sdio_sdcard.o(i.CmdError)
    CmdResp1Error                            0x080008e1   Thumb Code    90  sdio_sdcard.o(i.CmdResp1Error)
    CmdResp2Error                            0x08000941   Thumb Code    80  sdio_sdcard.o(i.CmdResp2Error)
    CmdResp3Error                            0x08000995   Thumb Code    50  sdio_sdcard.o(i.CmdResp3Error)
    CmdResp6Error                            0x080009cd   Thumb Code   140  sdio_sdcard.o(i.CmdResp6Error)
    CmdResp7Error                            0x08000a5d   Thumb Code    70  sdio_sdcard.o(i.CmdResp7Error)
    DHT11_Check                              0x08000aa9   Thumb Code    92  dht11.o(i.DHT11_Check)
    DHT11_Init                               0x08000b0d   Thumb Code    58  dht11.o(i.DHT11_Init)
    DHT11_Read_Bit                           0x08000b4d   Thumb Code    70  dht11.o(i.DHT11_Read_Bit)
    DHT11_Read_Byte                          0x08000b99   Thumb Code    30  dht11.o(i.DHT11_Read_Byte)
    DHT11_Read_Data                          0x08000bb7   Thumb Code    88  dht11.o(i.DHT11_Read_Data)
    DHT11_Rst                                0x08000c11   Thumb Code    52  dht11.o(i.DHT11_Rst)
    DMA_Cmd                                  0x08000c51   Thumb Code    24  stm32f10x_dma.o(i.DMA_Cmd)
    DMA_DeInit                               0x08000c69   Thumb Code   324  stm32f10x_dma.o(i.DMA_DeInit)
    DMA_Init                                 0x08000db5   Thumb Code    60  stm32f10x_dma.o(i.DMA_Init)
    DebugMon_Handler                         0x08000df1   Thumb Code     2  stm32f10x_it.o(i.DebugMon_Handler)
    EXTI1_IRQHandler                         0x08000df5   Thumb Code   204  ext.o(i.EXTI1_IRQHandler)
    EXTI1_Init                               0x08000ed5   Thumb Code   100  ext.o(i.EXTI1_Init)
    EXTI2_IRQHandler                         0x08000f3d   Thumb Code    28  ext.o(i.EXTI2_IRQHandler)
    EXTI2_Init                               0x08000f61   Thumb Code   102  ext.o(i.EXTI2_Init)
    EXTI8_Init                               0x08000fcd   Thumb Code    70  ext.o(i.EXTI8_Init)
    EXTI9_5_IRQHandler                       0x08001015   Thumb Code    54  ext.o(i.EXTI9_5_IRQHandler)
    EXTI_ClearITPendingBit                   0x0800105d   Thumb Code     6  stm32f10x_exti.o(i.EXTI_ClearITPendingBit)
    EXTI_GetITStatus                         0x08001069   Thumb Code    34  stm32f10x_exti.o(i.EXTI_GetITStatus)
    EXTI_Init                                0x08001091   Thumb Code   142  stm32f10x_exti.o(i.EXTI_Init)
    FindSCR                                  0x08001125   Thumb Code   386  sdio_sdcard.o(i.FindSCR)
    GPIO_EXTILineConfig                      0x080012b9   Thumb Code    60  stm32f10x_gpio.o(i.GPIO_EXTILineConfig)
    GPIO_Init                                0x080012f9   Thumb Code   278  stm32f10x_gpio.o(i.GPIO_Init)
    GPIO_PinRemapConfig                      0x08001411   Thumb Code   138  stm32f10x_gpio.o(i.GPIO_PinRemapConfig)
    GPIO_ReadInputDataBit                    0x080014a1   Thumb Code    18  stm32f10x_gpio.o(i.GPIO_ReadInputDataBit)
    GPIO_SetBits                             0x080014b3   Thumb Code     4  stm32f10x_gpio.o(i.GPIO_SetBits)
    HardFault_Handler                        0x080014b7   Thumb Code     4  stm32f10x_it.o(i.HardFault_Handler)
    INTX_DISABLE                             0x080014bb   Thumb Code     4  sys.o(i.INTX_DISABLE)
    INTX_ENABLE                              0x080014bf   Thumb Code     4  sys.o(i.INTX_ENABLE)
    IsCardProgramming                        0x080014c5   Thumb Code   142  sdio_sdcard.o(i.IsCardProgramming)
    LED_Init                                 0x08001561   Thumb Code   106  led.o(i.LED_Init)
    M8266HostIf_GPIO_CS_RESET_Init           0x080015e1   Thumb Code    82  m8266hostif_stm32xx.o(i.M8266HostIf_GPIO_CS_RESET_Init)
    M8266HostIf_Init                         0x08001639   Thumb Code    12  m8266hostif_stm32xx.o(i.M8266HostIf_Init)
    M8266HostIf_SPI_DMA_StartReceiveSendData 0x08001645   Thumb Code    90  m8266wifidrv.o(i.M8266HostIf_SPI_DMA_StartReceiveSendData)
    M8266HostIf_SPI_Init                     0x080016a9   Thumb Code   140  m8266hostif_stm32xx.o(i.M8266HostIf_SPI_Init)
    M8266HostIf_SPI_Select                   0x0800173d   Thumb Code   192  m8266wifidrv.o(i.M8266HostIf_SPI_Select)
    M8266HostIf_SPI_SetSpeed                 0x08001811   Thumb Code    36  m8266hostif_stm32xx.o(i.M8266HostIf_SPI_SetSpeed)
    M8266HostIf_SPI_rrs                      0x08001839   Thumb Code    18  m8266wifidrv.o(i.M8266HostIf_SPI_rrs)
    M8266HostIf_SPI_wrs                      0x08001851   Thumb Code    44  m8266wifidrv.o(i.M8266HostIf_SPI_wrs)
    M8266HostIf_Set_SPI_nCS_Pin              0x08001881   Thumb Code    20  m8266hostif_stm32xx.o(i.M8266HostIf_Set_SPI_nCS_Pin)
    M8266HostIf_Set_nRESET_Pin               0x08001899   Thumb Code    20  m8266hostif_stm32xx.o(i.M8266HostIf_Set_nRESET_Pin)
    M8266HostIf_delay_us                     0x080018b1   Thumb Code    12  m8266hostif_stm32xx.o(i.M8266HostIf_delay_us)
    M8266WIFI_Module_Hardware_Reset          0x080018bd   Thumb Code    56  m8266wifi_ops.o(i.M8266WIFI_Module_Hardware_Reset)
    M8266WIFI_Module_Init_Via_SPI            0x080018f5   Thumb Code   224  m8266wifi_ops.o(i.M8266WIFI_Module_Init_Via_SPI)
    M8266WIFI_Module_delay_ms                0x080019fd   Thumb Code    36  m8266wifi_ops.o(i.M8266WIFI_Module_delay_ms)
    M8266WIFI_SPI_Config_STA_Param           0x08001a21   Thumb Code    22  m8266wifidrv.o(i.M8266WIFI_SPI_Config_STA_Param)
    M8266WIFI_SPI_Delete_Connection          0x08001a37   Thumb Code    18  m8266wifidrv.o(i.M8266WIFI_SPI_Delete_Connection)
    M8266WIFI_SPI_Get_Module_Info            0x08001a49   Thumb Code   170  m8266wifidrv.o(i.M8266WIFI_SPI_Get_Module_Info)
    M8266WIFI_SPI_Get_Opmode                 0x08001af3   Thumb Code   102  m8266wifidrv.o(i.M8266WIFI_SPI_Get_Opmode)
    M8266WIFI_SPI_Get_STA_Connection_Status  0x08001b59   Thumb Code   108  m8266wifidrv.o(i.M8266WIFI_SPI_Get_STA_Connection_Status)
    M8266WIFI_SPI_Get_STA_IP_Addr            0x08001bc5   Thumb Code   124  m8266wifidrv.o(i.M8266WIFI_SPI_Get_STA_IP_Addr)
    M8266WIFI_SPI_Has_DataReceived           0x08001c41   Thumb Code    22  m8266wifidrv.o(i.M8266WIFI_SPI_Has_DataReceived)
    M8266WIFI_SPI_Interface_Communication_OK 0x08001c59   Thumb Code    66  m8266wifidrv.o(i.M8266WIFI_SPI_Interface_Communication_OK)
    M8266WIFI_SPI_Interface_Communication_Stress_Test 0x08001ca1   Thumb Code    98  m8266wifidrv.o(i.M8266WIFI_SPI_Interface_Communication_Stress_Test)
    M8266WIFI_SPI_Query_Connection           0x08001d03   Thumb Code   214  m8266wifidrv.o(i.M8266WIFI_SPI_Query_Connection)
    M8266WIFI_SPI_Recv                       0x08001dd9   Thumb Code   522  m8266wifidrv.o(i.M8266WIFI_SPI_Recv)
    M8266WIFI_SPI_RecvData                   0x08001ff1   Thumb Code    28  m8266wifidrv.o(i.M8266WIFI_SPI_RecvData)
    M8266WIFI_SPI_STA_Connect_Ap             0x0800200d   Thumb Code   436  m8266wifidrv.o(i.M8266WIFI_SPI_STA_Connect_Ap)
    M8266WIFI_SPI_STA_Connect_Ap_Old         0x080021cd   Thumb Code   386  m8266wifidrv.o(i.M8266WIFI_SPI_STA_Connect_Ap_Old)
    M8266WIFI_SPI_STA_Query_Current_SSID_And_RSSI 0x0800234f   Thumb Code   150  m8266wifidrv.o(i.M8266WIFI_SPI_STA_Query_Current_SSID_And_RSSI)
    M8266WIFI_SPI_Send_Data                  0x080023e5   Thumb Code    18  m8266wifidrv.o(i.M8266WIFI_SPI_Send_Data)
    M8266WIFI_SPI_Set_Opmode                 0x080023f7   Thumb Code   142  m8266wifidrv.o(i.M8266WIFI_SPI_Set_Opmode)
    M8266WIFI_SPI_Setup_Connection           0x08002485   Thumb Code   512  m8266wifidrv.o(i.M8266WIFI_SPI_Setup_Connection)
    M8266WIFI_SPI_Slave_Has_Response         0x08002699   Thumb Code    22  m8266wifidrv.o(i.M8266WIFI_SPI_Slave_Has_Response)
    M8266WIFI_SPI_Status_Start_To_Rxd_Has_Been_Cleared 0x080026af   Thumb Code    22  m8266wifidrv.o(i.M8266WIFI_SPI_Status_Start_To_Rxd_Has_Been_Cleared)
    M8266WIFI_SPI_TxdBuffer_Free             0x080026c5   Thumb Code    22  m8266wifidrv.o(i.M8266WIFI_SPI_TxdBuffer_Free)
    M8266WIFI_SPI_capstp                     0x080026dd   Thumb Code   224  m8266wifidrv.o(i.M8266WIFI_SPI_capstp)
    M8266WIFI_SPI_csb                        0x080027c5   Thumb Code    88  m8266wifidrv.o(i.M8266WIFI_SPI_csb)
    M8266WIFI_SPI_dlodc                      0x0800281d   Thumb Code   338  m8266wifidrv.o(i.M8266WIFI_SPI_dlodc)
    M8266WIFI_SPI_qacal                      0x0800296f   Thumb Code   238  m8266wifidrv.o(i.M8266WIFI_SPI_qacal)
    M8266WIFI_SPI_rra                        0x08002a5d   Thumb Code    32  m8266wifidrv.o(i.M8266WIFI_SPI_rra)
    M8266WIFI_SPI_rru                        0x08002a7d   Thumb Code    66  m8266wifidrv.o(i.M8266WIFI_SPI_rru)
    M8266WIFI_SPI_rrud                       0x08002ac1   Thumb Code    68  m8266wifidrv.o(i.M8266WIFI_SPI_rrud)
    M8266WIFI_SPI_sbis                       0x08002b09   Thumb Code    28  m8266wifidrv.o(i.M8266WIFI_SPI_sbis)
    M8266WIFI_SPI_sdfal                      0x08002b25   Thumb Code   558  m8266wifidrv.o(i.M8266WIFI_SPI_sdfal)
    M8266WIFI_SPI_srh                        0x08002d61   Thumb Code   284  m8266wifidrv.o(i.M8266WIFI_SPI_srh)
    M8266WIFI_SPI_ssa                        0x08002e85   Thumb Code    32  m8266wifidrv.o(i.M8266WIFI_SPI_ssa)
    M8266WIFI_SPI_ssb                        0x08002ea5   Thumb Code   116  m8266wifidrv.o(i.M8266WIFI_SPI_ssb)
    M8266WIFI_SPI_ssmd                       0x08002f19   Thumb Code   154  m8266wifidrv.o(i.M8266WIFI_SPI_ssmd)
    M8266WIFI_SPI_ssu                        0x08002fb9   Thumb Code    72  m8266wifidrv.o(i.M8266WIFI_SPI_ssu)
    M8266WIFI_SPI_ssud                       0x08003005   Thumb Code    66  m8266wifidrv.o(i.M8266WIFI_SPI_ssud)
    M8266WIFI_SPI_ssut                       0x0800304d   Thumb Code    72  m8266wifidrv.o(i.M8266WIFI_SPI_ssut)
    M8266WIFI_SPI_tufs                       0x08003099   Thumb Code    22  m8266wifidrv.o(i.M8266WIFI_SPI_tufs)
    M8266WIFI_SPI_wait_sta_connecting_to_ap_and_get_ip 0x080030b1   Thumb Code    70  m8266wifi_ops.o(i.M8266WIFI_SPI_wait_sta_connecting_to_ap_and_get_ip)
    M8266WIFI_SPI_wsbsbs1                    0x08003101   Thumb Code    58  m8266wifidrv.o(i.M8266WIFI_SPI_wsbsbs1)
    M8266WIFI_SPI_wscbf                      0x0800313b   Thumb Code    66  m8266wifidrv.o(i.M8266WIFI_SPI_wscbf)
    M8266WIFI_SPI_wscr                       0x0800317d   Thumb Code    76  m8266wifidrv.o(i.M8266WIFI_SPI_wscr)
    M8266WIFI_SPI_wspsr                      0x080031c9   Thumb Code    84  m8266wifidrv.o(i.M8266WIFI_SPI_wspsr)
    M8266WIFI_SPI_wspss                      0x0800321d   Thumb Code    84  m8266wifidrv.o(i.M8266WIFI_SPI_wspss)
    M8266WIFI_SPI_wsscbhud                   0x08003271   Thumb Code    62  m8266wifidrv.o(i.M8266WIFI_SPI_wsscbhud)
    M8266WIFI_SPI_wsscrhd                    0x080032af   Thumb Code    68  m8266wifidrv.o(i.M8266WIFI_SPI_wsscrhd)
    M8266WIFI_Wait_SPI_sfad                  0x080032f3   Thumb Code    64  m8266wifidrv.o(i.M8266WIFI_Wait_SPI_sfad)
    M8266_INIT                               0x08003335   Thumb Code    98  m8266_init.o(i.M8266_INIT)
    MemManage_Handler                        0x080033a5   Thumb Code     4  stm32f10x_it.o(i.MemManage_Handler)
    NMI_Handler                              0x080033a9   Thumb Code     2  stm32f10x_it.o(i.NMI_Handler)
    NVIC_Init                                0x080033ad   Thumb Code   100  misc.o(i.NVIC_Init)
    NVIC_PriorityGroupConfig                 0x0800341d   Thumb Code    10  misc.o(i.NVIC_PriorityGroupConfig)
    OV7670_Init                              0x08003431   Thumb Code   258  ov7670.o(i.OV7670_Init)
    OV7670_Window_Set                        0x08003551   Thumb Code   138  ov7670.o(i.OV7670_Window_Set)
    PendSV_Handler                           0x080035db   Thumb Code     2  stm32f10x_it.o(i.PendSV_Handler)
    RCC_AHBPeriphClockCmd                    0x080035dd   Thumb Code    26  stm32f10x_rcc.o(i.RCC_AHBPeriphClockCmd)
    RCC_APB1PeriphClockCmd                   0x080035fd   Thumb Code    26  stm32f10x_rcc.o(i.RCC_APB1PeriphClockCmd)
    RCC_APB1PeriphResetCmd                   0x0800361d   Thumb Code    26  stm32f10x_rcc.o(i.RCC_APB1PeriphResetCmd)
    RCC_APB2PeriphClockCmd                   0x0800363d   Thumb Code    26  stm32f10x_rcc.o(i.RCC_APB2PeriphClockCmd)
    RCC_GetClocksFreq                        0x0800365d   Thumb Code   192  stm32f10x_rcc.o(i.RCC_GetClocksFreq)
    SCCB_Init                                0x08003731   Thumb Code   102  sccb.o(i.SCCB_Init)
    SCCB_No_Ack                              0x080037a1   Thumb Code    54  sccb.o(i.SCCB_No_Ack)
    SCCB_RD_Byte                             0x080037e9   Thumb Code   104  sccb.o(i.SCCB_RD_Byte)
    SCCB_RD_Reg                              0x0800385d   Thumb Code    78  sccb.o(i.SCCB_RD_Reg)
    SCCB_Start                               0x080038ad   Thumb Code    42  sccb.o(i.SCCB_Start)
    SCCB_Stop                                0x080038e1   Thumb Code    42  sccb.o(i.SCCB_Stop)
    SCCB_WR_Byte                             0x08003915   Thumb Code   152  sccb.o(i.SCCB_WR_Byte)
    SCCB_WR_Reg                              0x080039c1   Thumb Code    62  sccb.o(i.SCCB_WR_Reg)
    SDEnWideBus                              0x08003a01   Thumb Code   158  sdio_sdcard.o(i.SDEnWideBus)
    SDIO_ClearFlag                           0x08003aad   Thumb Code     6  stm32f10x_sdio.o(i.SDIO_ClearFlag)
    SDIO_ClockCmd                            0x08003ab9   Thumb Code     6  stm32f10x_sdio.o(i.SDIO_ClockCmd)
    SDIO_Clock_Set                           0x08003ac5   Thumb Code    16  sdio_sdcard.o(i.SDIO_Clock_Set)
    SDIO_DMACmd                              0x08003ad9   Thumb Code     6  stm32f10x_sdio.o(i.SDIO_DMACmd)
    SDIO_DataConfig                          0x08003ae5   Thumb Code    42  stm32f10x_sdio.o(i.SDIO_DataConfig)
    SDIO_DeInit                              0x08003b15   Thumb Code    28  stm32f10x_sdio.o(i.SDIO_DeInit)
    SDIO_GetFlagStatus                       0x08003b39   Thumb Code    20  stm32f10x_sdio.o(i.SDIO_GetFlagStatus)
    SDIO_GetPowerState                       0x08003b51   Thumb Code    10  stm32f10x_sdio.o(i.SDIO_GetPowerState)
    SDIO_IRQHandler                          0x08003b61   Thumb Code     8  sdio_sdcard.o(i.SDIO_IRQHandler)
    SDIO_Init                                0x08003b69   Thumb Code    42  stm32f10x_sdio.o(i.SDIO_Init)
    SDIO_ReadData                            0x08003b99   Thumb Code     6  stm32f10x_sdio.o(i.SDIO_ReadData)
    SDIO_SendCommand                         0x08003ba5   Thumb Code    38  stm32f10x_sdio.o(i.SDIO_SendCommand)
    SDIO_SetPowerState                       0x08003bd1   Thumb Code    22  stm32f10x_sdio.o(i.SDIO_SetPowerState)
    SDIO_WriteData                           0x08003bed   Thumb Code     6  stm32f10x_sdio.o(i.SDIO_WriteData)
    SD_DMA_Config                            0x08003bf9   Thumb Code    94  sdio_sdcard.o(i.SD_DMA_Config)
    SD_EnableWideBusOperation                0x08003c61   Thumb Code    94  sdio_sdcard.o(i.SD_EnableWideBusOperation)
    SD_GetCardInfo                           0x08003cc9   Thumb Code   772  sdio_sdcard.o(i.SD_GetCardInfo)
    SD_Init                                  0x08003fdd   Thumb Code   238  sdio_sdcard.o(i.SD_Init)
    SD_InitializeCards                       0x080040dd   Thumb Code   316  sdio_sdcard.o(i.SD_InitializeCards)
    SD_PowerON                               0x08004231   Thumb Code   450  sdio_sdcard.o(i.SD_PowerON)
    SD_ProcessIRQSrc                         0x0800440d   Thumb Code   296  sdio_sdcard.o(i.SD_ProcessIRQSrc)
    SD_ReadBlock                             0x08004549   Thumb Code   558  sdio_sdcard.o(i.SD_ReadBlock)
    SD_ReadDisk                              0x080047a1   Thumb Code   148  sdio_sdcard.o(i.SD_ReadDisk)
    SD_ReadMultiBlocks                       0x08004839   Thumb Code   698  sdio_sdcard.o(i.SD_ReadMultiBlocks)
    SD_SelectDeselect                        0x08004b21   Thumb Code    42  sdio_sdcard.o(i.SD_SelectDeselect)
    SD_SetDeviceMode                         0x08004b51   Thumb Code    20  sdio_sdcard.o(i.SD_SetDeviceMode)
    SD_WriteBlock                            0x08004b69   Thumb Code   844  sdio_sdcard.o(i.SD_WriteBlock)
    SD_WriteDisk                             0x08004edd   Thumb Code   148  sdio_sdcard.o(i.SD_WriteDisk)
    SD_WriteMultiBlocks                      0x08004f75   Thumb Code   920  sdio_sdcard.o(i.SD_WriteMultiBlocks)
    SPI1_Init                                0x08005335   Thumb Code   124  spi.o(i.SPI1_Init)
    SPI1_ReadWriteByte                       0x080053b9   Thumb Code    78  spi.o(i.SPI1_ReadWriteByte)
    SPI1_SetSpeed                            0x0800540d   Thumb Code    36  spi.o(i.SPI1_SetSpeed)
    SPI_Cmd                                  0x08005435   Thumb Code    24  stm32f10x_spi.o(i.SPI_Cmd)
    SPI_I2S_GetFlagStatus                    0x0800544d   Thumb Code    18  stm32f10x_spi.o(i.SPI_I2S_GetFlagStatus)
    SPI_I2S_ReceiveData                      0x0800545f   Thumb Code     6  stm32f10x_spi.o(i.SPI_I2S_ReceiveData)
    SPI_I2S_SendData                         0x08005465   Thumb Code     4  stm32f10x_spi.o(i.SPI_I2S_SendData)
    SPI_Init                                 0x08005469   Thumb Code    60  stm32f10x_spi.o(i.SPI_Init)
    SPI_STA_Get_HostIP_by_HostName           0x080054a5   Thumb Code   346  m8266wifidrv.o(i.SPI_STA_Get_HostIP_by_HostName)
    SVC_Handler                              0x08005619   Thumb Code     2  stm32f10x_it.o(i.SVC_Handler)
    SysTick_CLKSourceConfig                  0x08005705   Thumb Code    40  misc.o(i.SysTick_CLKSourceConfig)
    SysTick_Handler                          0x0800572d   Thumb Code     2  stm32f10x_it.o(i.SysTick_Handler)
    SystemInit                               0x08005731   Thumb Code    78  system_stm32f10x.o(i.SystemInit)
    TIM3_IRQHandler                          0x08005791   Thumb Code    74  time.o(i.TIM3_IRQHandler)
    TIM3_Int_Init                            0x080057ed   Thumb Code    86  time.o(i.TIM3_Int_Init)
    TIM4_IRQHandler                          0x08005849   Thumb Code    72  time.o(i.TIM4_IRQHandler)
    TIM4_Int_Init                            0x080058a1   Thumb Code    86  time.o(i.TIM4_Int_Init)
    TIM_ClearITPendingBit                    0x080058fd   Thumb Code     6  stm32f10x_tim.o(i.TIM_ClearITPendingBit)
    TIM_Cmd                                  0x08005903   Thumb Code    24  stm32f10x_tim.o(i.TIM_Cmd)
    TIM_GetITStatus                          0x0800591b   Thumb Code    34  stm32f10x_tim.o(i.TIM_GetITStatus)
    TIM_ITConfig                             0x0800593d   Thumb Code    18  stm32f10x_tim.o(i.TIM_ITConfig)
    TIM_TimeBaseInit                         0x08005951   Thumb Code   122  stm32f10x_tim.o(i.TIM_TimeBaseInit)
    USART1_IRQHandler                        0x080059f5   Thumb Code   300  usart.o(i.USART1_IRQHandler)
    USART_Cmd                                0x08005b75   Thumb Code    24  stm32f10x_usart.o(i.USART_Cmd)
    USART_GetITStatus                        0x08005b8d   Thumb Code    84  stm32f10x_usart.o(i.USART_GetITStatus)
    USART_ITConfig                           0x08005be1   Thumb Code    74  stm32f10x_usart.o(i.USART_ITConfig)
    USART_Init                               0x08005c2d   Thumb Code   210  stm32f10x_usart.o(i.USART_Init)
    USART_ReceiveData                        0x08005d05   Thumb Code    10  stm32f10x_usart.o(i.USART_ReceiveData)
    UsageFault_Handler                       0x08005d0f   Thumb Code     4  stm32f10x_it.o(i.UsageFault_Handler)
    VS_HD_Reset                              0x08005d15   Thumb Code    74  vs10xx.o(i.VS_HD_Reset)
    VS_Init                                  0x08005d75   Thumb Code    84  vs10xx.o(i.VS_Init)
    VS_Load_Patch                            0x08005dd5   Thumb Code   112  vs10xx.o(i.VS_Load_Patch)
    VS_RD_Reg                                0x08005e45   Thumb Code    88  vs10xx.o(i.VS_RD_Reg)
    VS_SPI_ReadWriteByte                     0x08005ea9   Thumb Code    12  vs10xx.o(i.VS_SPI_ReadWriteByte)
    VS_SPI_SpeedHigh                         0x08005eb5   Thumb Code    10  vs10xx.o(i.VS_SPI_SpeedHigh)
    VS_SPI_SpeedLow                          0x08005ebf   Thumb Code    10  vs10xx.o(i.VS_SPI_SpeedLow)
    VS_SPK_Set                               0x08005ec9   Thumb Code    26  vs10xx.o(i.VS_SPK_Set)
    VS_Sine_Test                             0x08005ee5   Thumb Code   306  vs10xx.o(i.VS_Sine_Test)
    VS_WRAM_Write                            0x08006025   Thumb Code    34  vs10xx.o(i.VS_WRAM_Write)
    VS_WR_Cmd                                0x0800604d   Thumb Code    72  vs10xx.o(i.VS_WR_Cmd)
    WIFI_SEND                                0x080060a1   Thumb Code   136  m8266_init.o(i.WIFI_SEND)
    _sys_exit                                0x08006139   Thumb Code     6  usart.o(i._sys_exit)
    bmp_encode                               0x08006141   Thumb Code   382  bmp.o(i.bmp_encode)
    clust2sect                               0x080063ab   Thumb Code    26  ff.o(i.clust2sect)
    convert_from_bytes_to_power_of_two       0x08006455   Thumb Code    18  sdio_sdcard.o(i.convert_from_bytes_to_power_of_two)
    delay_init                               0x080067ad   Thumb Code    50  delay.o(i.delay_init)
    delay_ms                                 0x080067f1   Thumb Code    72  delay.o(i.delay_ms)
    delay_us                                 0x0800683d   Thumb Code    72  delay.o(i.delay_us)
    dir_sdi                                  0x08006d37   Thumb Code   158  ff.o(i.dir_sdi)
    disk_initialize                          0x08006dd5   Thumb Code    48  diskio.o(i.disk_initialize)
    disk_ioctl                               0x08006e09   Thumb Code   170  diskio.o(i.disk_ioctl)
    disk_read                                0x08006ebd   Thumb Code   110  diskio.o(i.disk_read)
    disk_status                              0x08006f2b   Thumb Code     6  diskio.o(i.disk_status)
    disk_write                               0x08006f31   Thumb Code   110  diskio.o(i.disk_write)
    exfuns_init                              0x08006fa1   Thumb Code   114  exfuns.o(i.exfuns_init)
    f_close                                  0x08007025   Thumb Code    32  ff.o(i.f_close)
    f_lseek                                  0x08007045   Thumb Code   684  ff.o(i.f_lseek)
    f_mkdir                                  0x080072f1   Thumb Code   380  ff.o(i.f_mkdir)
    f_mount                                  0x0800746d   Thumb Code    86  ff.o(i.f_mount)
    f_open                                   0x080074c9   Thumb Code   384  ff.o(i.f_open)
    f_opendir                                0x08007649   Thumb Code   136  ff.o(i.f_opendir)
    f_read                                   0x080076d1   Thumb Code   432  ff.o(i.f_read)
    f_sync                                   0x08007881   Thumb Code   176  ff.o(i.f_sync)
    f_unlink                                 0x08007931   Thumb Code   190  ff.o(i.f_unlink)
    f_write                                  0x080079ef   Thumb Code   490  ff.o(i.f_write)
    ff_convert                               0x08007bd9   Thumb Code   116  cc936.o(i.ff_convert)
    ff_memalloc                              0x08007c55   Thumb Code    14  diskio.o(i.ff_memalloc)
    ff_memfree                               0x08007c63   Thumb Code    14  diskio.o(i.ff_memfree)
    ff_wtoupper                              0x08007c71   Thumb Code    46  cc936.o(i.ff_wtoupper)
    fputc                                    0x0800814d   Thumb Code    24  usart.o(i.fputc)
    fvcp                                     0x08008169   Thumb Code    76  m8266wifidrv.o(i.fvcp)
    fvdnstap                                 0x080081b5   Thumb Code    44  m8266wifidrv.o(i.fvdnstap)
    get_fat                                  0x080082b1   Thumb Code   242  ff.o(i.get_fat)
    get_fattime                              0x080083a3   Thumb Code     4  diskio.o(i.get_fattime)
    main                                     0x08008411   Thumb Code   604  main.o(i.main)
    my_mem_free                              0x080087cd   Thumb Code    96  malloc.o(i.my_mem_free)
    my_mem_init                              0x08008839   Thumb Code    54  malloc.o(i.my_mem_init)
    my_mem_malloc                            0x0800887d   Thumb Code   156  malloc.o(i.my_mem_malloc)
    my_mem_perused                           0x08008925   Thumb Code    54  malloc.o(i.my_mem_perused)
    myfree                                   0x08008965   Thumb Code    30  malloc.o(i.myfree)
    mymalloc                                 0x08008989   Thumb Code    34  malloc.o(i.mymalloc)
    mymemset                                 0x080089b1   Thumb Code    20  malloc.o(i.mymemset)
    pic_memalloc                             0x080089c5   Thumb Code    14  piclib.o(i.pic_memalloc)
    pic_memfree                              0x080089d3   Thumb Code    14  piclib.o(i.pic_memfree)
    put_fat                                  0x08008a55   Thumb Code   322  ff.o(i.put_fat)
    rec_play_wav                             0x08008b97   Thumb Code   154  sound_get.o(i.rec_play_wav)
    recoder_enter_rec_mode                   0x08008c31   Thumb Code    82  sound_get.o(i.recoder_enter_rec_mode)
    recoder_new_pathname                     0x08008c89   Thumb Code    20  sound_get.o(i.recoder_new_pathname)
    recoder_play                             0x08008cb9   Thumb Code   510  sound_get.o(i.recoder_play)
    recoder_wav_init                         0x08008ef5   Thumb Code    64  sound_get.o(i.recoder_wav_init)
    uart_init                                0x080090fd   Thumb Code   152  usart.o(i.uart_init)
    wifi_connect                             0x080091d5   Thumb Code    70  m8266_init.o(i.wifi_connect)
    wav_plugin                               0x0800922c   Data          80  sound_get.o(.constdata)
    ov7670_init_reg_tbl                      0x0800927c   Data         336  ov7670.o(.constdata)
    memtblsize                               0x080340d0   Data           8  malloc.o(.constdata)
    memblksize                               0x080340d8   Data           8  malloc.o(.constdata)
    memsize                                  0x080340e0   Data           8  malloc.o(.constdata)
    cpu_name                                 0x080340ee   Data          16  m8266wifidrv.o(.constdata)
    Region$$Table$$Base                      0x0803410c   Number         0  anon$$obj.o(Region$$Table)
    Region$$Table$$Limit                     0x0803412c   Number         0  anon$$obj.o(Region$$Table)
    SystemCoreClock                          0x20000000   Data           4  system_stm32f10x.o(.data)
    AHBPrescTable                            0x20000004   Data          16  system_stm32f10x.o(.data)
    __stdout                                 0x20000018   Data           4  usart.o(.data)
    USART_RX_STA                             0x2000001c   Data           2  usart.o(.data)
    TransferError                            0x2000003e   Data           1  sdio_sdcard.o(.data)
    TransferEnd                              0x2000003f   Data           1  sdio_sdcard.o(.data)
    tempbuff                                 0x20000040   Data           4  sdio_sdcard.o(.data)
    index1                                   0x20000044   Data           2  sound_get.o(.data)
    ov_sta                                   0x20000046   Data           1  ext.o(.data)
    link                                     0x20000047   Data           1  ext.o(.data)
    status                                   0x20000048   Data           2  ext.o(.data)
    time4_count                              0x2000004a   Data           1  time.o(.data)
    time4_count1                             0x2000004b   Data           1  time.o(.data)
    time3_count                              0x2000004c   Data           1  time.o(.data)
    time3_count1                             0x2000004d   Data           1  time.o(.data)
    goal_ip                                  0x20000050   Data          24  global.o(.data)
    goal_port                                0x20000068   Data           2  global.o(.data)
    ssid                                     0x2000006a   Data          24  global.o(.data)
    password                                 0x20000082   Data          24  global.o(.data)
    count                                    0x2000009c   Data           4  global.o(.data)
    pname                                    0x200000a0   Data           4  global.o(.data)
    DATA_flag                                0x200000a4   Data           1  global.o(.data)
    HW_flag                                  0x200000a5   Data           1  global.o(.data)
    wifi_cheak                               0x200000a6   Data           1  global.o(.data)
    wifi_config                              0x200000a7   Data           1  global.o(.data)
    wait                                     0x200000a8   Data           1  global.o(.data)
    fs                                       0x200000ac   Data           8  exfuns.o(.data)
    file                                     0x200000b4   Data           4  exfuns.o(.data)
    ftemp                                    0x200000b8   Data           4  exfuns.o(.data)
    br                                       0x200000bc   Data           4  exfuns.o(.data)
    bw                                       0x200000c0   Data           4  exfuns.o(.data)
    fatbuf                                   0x200000c4   Data           4  exfuns.o(.data)
    FLASH_SECTOR_COUNT                       0x200000c8   Data           2  diskio.o(.data)
    mallco_dev                               0x200000d8   Data          28  malloc.o(.data)
    USART_RX_BUF                             0x20000120   Data         200  usart.o(.bss)
    SDIO_InitStructure                       0x200001e8   Data          24  sdio_sdcard.o(.bss)
    SDIO_CmdInitStructure                    0x20000200   Data          20  sdio_sdcard.o(.bss)
    SDIO_DataInitStructure                   0x20000214   Data          24  sdio_sdcard.o(.bss)
    SDCardInfo                               0x20000250   Data          88  sdio_sdcard.o(.bss)
    SDIO_DATA_BUFFER                         0x200002a8   Data         512  sdio_sdcard.o(.bss)
    dabuf                                    0x200004a8   Data         500  ext.o(.bss)
    mem1base                                 0x200006a0   Data       40960  malloc.o(.bss)
    mem1mapbase                              0x2000a6a0   Data        2560  malloc.o(.bss)
    __libspace_start                         0x2000b0e4   Data          96  libspace.o(.bss)
    __temporary_stack_top$libspace           0x2000b144   Data           0  libspace.o(.bss)
    mem2base                                 0x68000000   Data          32  malloc.o(.ARM.__AT_0x68000000)
    mem2mapbase                              0x68000020   Data           2  malloc.o(.ARM.__AT_0x68000020)



==============================================================================

Memory Map of the image

  Image Entry point : 0x080001dd

  Load Region LR_1 (Base: 0x08000000, Size: 0x0003424c, Max: 0xffffffff, ABSOLUTE)

    Execution Region ER_RO (Base: 0x08000000, Size: 0x0003412c, Max: 0xffffffff, ABSOLUTE)

    Base Addr    Size         Type   Attr      Idx    E Section Name        Object

    0x08000000   0x00000130   Data   RO          388    RESET               startup_stm32f10x_hd.o
    0x08000130   0x00000008   Code   RO         5529  * !!!main             c_w.l(__main.o)
    0x08000138   0x00000034   Code   RO         5747    !!!scatter          c_w.l(__scatter.o)
    0x0800016c   0x0000001a   Code   RO         5749    !!handler_copy      c_w.l(__scatter_copy.o)
    0x08000186   0x00000002   PAD
    0x08000188   0x0000001c   Code   RO         5751    !!handler_zi        c_w.l(__scatter_zi.o)
    0x080001a4   0x00000000   Code   RO         5516    .ARM.Collect$$_printf_percent$$00000000  c_w.l(_printf_percent.o)
    0x080001a4   0x00000006   Code   RO         5515    .ARM.Collect$$_printf_percent$$00000009  c_w.l(_printf_d.o)
    0x080001aa   0x00000006   Code   RO         5513    .ARM.Collect$$_printf_percent$$00000014  c_w.l(_printf_s.o)
    0x080001b0   0x00000004   Code   RO         5572    .ARM.Collect$$_printf_percent$$00000017  c_w.l(_printf_percent_end.o)
    0x080001b4   0x00000002   Code   RO         5618    .ARM.Collect$$libinit$$00000000  c_w.l(libinit.o)
    0x080001b6   0x00000000   Code   RO         5629    .ARM.Collect$$libinit$$00000002  c_w.l(libinit2.o)
    0x080001b6   0x00000000   Code   RO         5631    .ARM.Collect$$libinit$$00000004  c_w.l(libinit2.o)
    0x080001b6   0x00000000   Code   RO         5634    .ARM.Collect$$libinit$$0000000A  c_w.l(libinit2.o)
    0x080001b6   0x00000000   Code   RO         5636    .ARM.Collect$$libinit$$0000000C  c_w.l(libinit2.o)
    0x080001b6   0x00000000   Code   RO         5638    .ARM.Collect$$libinit$$0000000E  c_w.l(libinit2.o)
    0x080001b6   0x00000000   Code   RO         5641    .ARM.Collect$$libinit$$00000011  c_w.l(libinit2.o)
    0x080001b6   0x00000000   Code   RO         5643    .ARM.Collect$$libinit$$00000013  c_w.l(libinit2.o)
    0x080001b6   0x00000000   Code   RO         5645    .ARM.Collect$$libinit$$00000015  c_w.l(libinit2.o)
    0x080001b6   0x00000000   Code   RO         5647    .ARM.Collect$$libinit$$00000017  c_w.l(libinit2.o)
    0x080001b6   0x00000000   Code   RO         5649    .ARM.Collect$$libinit$$00000019  c_w.l(libinit2.o)
    0x080001b6   0x00000000   Code   RO         5651    .ARM.Collect$$libinit$$0000001B  c_w.l(libinit2.o)
    0x080001b6   0x00000000   Code   RO         5653    .ARM.Collect$$libinit$$0000001D  c_w.l(libinit2.o)
    0x080001b6   0x00000000   Code   RO         5655    .ARM.Collect$$libinit$$0000001F  c_w.l(libinit2.o)
    0x080001b6   0x00000000   Code   RO         5657    .ARM.Collect$$libinit$$00000021  c_w.l(libinit2.o)
    0x080001b6   0x00000000   Code   RO         5659    .ARM.Collect$$libinit$$00000023  c_w.l(libinit2.o)
    0x080001b6   0x00000000   Code   RO         5661    .ARM.Collect$$libinit$$00000025  c_w.l(libinit2.o)
    0x080001b6   0x00000000   Code   RO         5665    .ARM.Collect$$libinit$$0000002C  c_w.l(libinit2.o)
    0x080001b6   0x00000000   Code   RO         5667    .ARM.Collect$$libinit$$0000002E  c_w.l(libinit2.o)
    0x080001b6   0x00000000   Code   RO         5669    .ARM.Collect$$libinit$$00000030  c_w.l(libinit2.o)
    0x080001b6   0x00000000   Code   RO         5671    .ARM.Collect$$libinit$$00000032  c_w.l(libinit2.o)
    0x080001b6   0x00000002   Code   RO         5672    .ARM.Collect$$libinit$$00000033  c_w.l(libinit2.o)
    0x080001b8   0x00000002   Code   RO         5700    .ARM.Collect$$libshutdown$$00000000  c_w.l(libshutdown.o)
    0x080001ba   0x00000000   Code   RO         5715    .ARM.Collect$$libshutdown$$00000003  c_w.l(libshutdown2.o)
    0x080001ba   0x00000000   Code   RO         5718    .ARM.Collect$$libshutdown$$00000006  c_w.l(libshutdown2.o)
    0x080001ba   0x00000000   Code   RO         5721    .ARM.Collect$$libshutdown$$00000009  c_w.l(libshutdown2.o)
    0x080001ba   0x00000000   Code   RO         5723    .ARM.Collect$$libshutdown$$0000000B  c_w.l(libshutdown2.o)
    0x080001ba   0x00000000   Code   RO         5726    .ARM.Collect$$libshutdown$$0000000E  c_w.l(libshutdown2.o)
    0x080001ba   0x00000002   Code   RO         5727    .ARM.Collect$$libshutdown$$0000000F  c_w.l(libshutdown2.o)
    0x080001bc   0x00000000   Code   RO         5559    .ARM.Collect$$rtentry$$00000000  c_w.l(__rtentry.o)
    0x080001bc   0x00000000   Code   RO         5583    .ARM.Collect$$rtentry$$00000002  c_w.l(__rtentry2.o)
    0x080001bc   0x00000006   Code   RO         5595    .ARM.Collect$$rtentry$$00000004  c_w.l(__rtentry4.o)
    0x080001c2   0x00000000   Code   RO         5585    .ARM.Collect$$rtentry$$00000009  c_w.l(__rtentry2.o)
    0x080001c2   0x00000004   Code   RO         5586    .ARM.Collect$$rtentry$$0000000A  c_w.l(__rtentry2.o)
    0x080001c6   0x00000000   Code   RO         5588    .ARM.Collect$$rtentry$$0000000C  c_w.l(__rtentry2.o)
    0x080001c6   0x00000008   Code   RO         5589    .ARM.Collect$$rtentry$$0000000D  c_w.l(__rtentry2.o)
    0x080001ce   0x00000002   Code   RO         5622    .ARM.Collect$$rtexit$$00000000  c_w.l(rtexit.o)
    0x080001d0   0x00000000   Code   RO         5674    .ARM.Collect$$rtexit$$00000002  c_w.l(rtexit2.o)
    0x080001d0   0x00000004   Code   RO         5675    .ARM.Collect$$rtexit$$00000003  c_w.l(rtexit2.o)
    0x080001d4   0x00000006   Code   RO         5676    .ARM.Collect$$rtexit$$00000004  c_w.l(rtexit2.o)
    0x080001da   0x00000002   PAD
    0x080001dc   0x00000040   Code   RO          389  * .text               startup_stm32f10x_hd.o
    0x0800021c   0x00000002   Code   RO         5453    .text               c_w.l(use_no_semi_2.o)
    0x0800021e   0x00000048   Code   RO         5455    .text               c_w.l(llsdiv.o)
    0x08000266   0x00000002   PAD
    0x08000268   0x00000018   Code   RO         5461    .text               c_w.l(noretval__2printf.o)
    0x08000280   0x00000028   Code   RO         5463    .text               c_w.l(noretval__2sprintf.o)
    0x080002a8   0x00000068   Code   RO         5465    .text               c_w.l(__printf.o)
    0x08000310   0x00000052   Code   RO         5467    .text               c_w.l(_printf_str.o)
    0x08000362   0x00000002   PAD
    0x08000364   0x00000078   Code   RO         5469    .text               c_w.l(_printf_dec.o)
    0x080003dc   0x0000003e   Code   RO         5519    .text               c_w.l(strlen.o)
    0x0800041a   0x0000008a   Code   RO         5521    .text               c_w.l(rt_memcpy_v6.o)
    0x080004a4   0x0000004e   Code   RO         5523    .text               c_w.l(rt_memclr_w.o)
    0x080004f2   0x00000002   PAD
    0x080004f4   0x00000080   Code   RO         5525    .text               c_w.l(strcmpv7m.o)
    0x08000574   0x00000006   Code   RO         5527    .text               c_w.l(heapauxi.o)
    0x0800057a   0x00000002   Code   RO         5557    .text               c_w.l(use_no_semi.o)
    0x0800057c   0x000000ee   Code   RO         5560    .text               c_w.l(lludivv7m.o)
    0x0800066a   0x000000b2   Code   RO         5562    .text               c_w.l(_printf_intcommon.o)
    0x0800071c   0x00000030   Code   RO         5564    .text               c_w.l(_printf_char_common.o)
    0x0800074c   0x0000000a   Code   RO         5566    .text               c_w.l(_sputc.o)
    0x08000756   0x0000002c   Code   RO         5568    .text               c_w.l(_printf_char.o)
    0x08000782   0x00000002   PAD
    0x08000784   0x00000024   Code   RO         5570    .text               c_w.l(_printf_char_file.o)
    0x080007a8   0x00000064   Code   RO         5573    .text               c_w.l(rt_memcpy_w.o)
    0x0800080c   0x00000008   Code   RO         5603    .text               c_w.l(ferror.o)
    0x08000814   0x0000004a   Code   RO         5607    .text               c_w.l(sys_stackheap_outer.o)
    0x0800085e   0x0000000c   Code   RO         5611    .text               c_w.l(exit.o)
    0x0800086a   0x00000002   PAD
    0x0800086c   0x00000008   Code   RO         5619    .text               c_w.l(libspace.o)
    0x08000874   0x00000038   Code   RO         3487    i.BUUZ_Init         buuz_out.o
    0x080008ac   0x00000004   Code   RO          153    i.BusFault_Handler  stm32f10x_it.o
    0x080008b0   0x00000030   Code   RO         3511    i.CmdError          sdio_sdcard.o
    0x080008e0   0x00000060   Code   RO         3512    i.CmdResp1Error     sdio_sdcard.o
    0x08000940   0x00000054   Code   RO         3513    i.CmdResp2Error     sdio_sdcard.o
    0x08000994   0x00000038   Code   RO         3514    i.CmdResp3Error     sdio_sdcard.o
    0x080009cc   0x00000090   Code   RO         3515    i.CmdResp6Error     sdio_sdcard.o
    0x08000a5c   0x0000004c   Code   RO         3516    i.CmdResp7Error     sdio_sdcard.o
    0x08000aa8   0x00000064   Code   RO         3402    i.DHT11_Check       dht11.o
    0x08000b0c   0x00000040   Code   RO         3403    i.DHT11_Init        dht11.o
    0x08000b4c   0x0000004c   Code   RO         3404    i.DHT11_Read_Bit    dht11.o
    0x08000b98   0x0000001e   Code   RO         3405    i.DHT11_Read_Byte   dht11.o
    0x08000bb6   0x00000058   Code   RO         3406    i.DHT11_Read_Data   dht11.o
    0x08000c0e   0x00000002   PAD
    0x08000c10   0x00000040   Code   RO         3407    i.DHT11_Rst         dht11.o
    0x08000c50   0x00000018   Code   RO         1141    i.DMA_Cmd           stm32f10x_dma.o
    0x08000c68   0x0000014c   Code   RO         1142    i.DMA_DeInit        stm32f10x_dma.o
    0x08000db4   0x0000003c   Code   RO         1147    i.DMA_Init          stm32f10x_dma.o
    0x08000df0   0x00000002   Code   RO          154    i.DebugMon_Handler  stm32f10x_it.o
    0x08000df2   0x00000002   PAD
    0x08000df4   0x000000e0   Code   RO         4077    i.EXTI1_IRQHandler  ext.o
    0x08000ed4   0x00000068   Code   RO         4078    i.EXTI1_Init        ext.o
    0x08000f3c   0x00000024   Code   RO         4079    i.EXTI2_IRQHandler  ext.o
    0x08000f60   0x0000006c   Code   RO         4080    i.EXTI2_Init        ext.o
    0x08000fcc   0x00000046   Code   RO         4081    i.EXTI8_Init        ext.o
    0x08001012   0x00000002   PAD
    0x08001014   0x00000048   Code   RO         4082    i.EXTI9_5_IRQHandler  ext.o
    0x0800105c   0x0000000c   Code   RO         1212    i.EXTI_ClearITPendingBit  stm32f10x_exti.o
    0x08001068   0x00000028   Code   RO         1216    i.EXTI_GetITStatus  stm32f10x_exti.o
    0x08001090   0x00000094   Code   RO         1217    i.EXTI_Init         stm32f10x_exti.o
    0x08001124   0x00000194   Code   RO         3517    i.FindSCR           sdio_sdcard.o
    0x080012b8   0x00000040   Code   RO         1568    i.GPIO_EXTILineConfig  stm32f10x_gpio.o
    0x080012f8   0x00000116   Code   RO         1571    i.GPIO_Init         stm32f10x_gpio.o
    0x0800140e   0x00000002   PAD
    0x08001410   0x00000090   Code   RO         1573    i.GPIO_PinRemapConfig  stm32f10x_gpio.o
    0x080014a0   0x00000012   Code   RO         1575    i.GPIO_ReadInputDataBit  stm32f10x_gpio.o
    0x080014b2   0x00000004   Code   RO         1579    i.GPIO_SetBits      stm32f10x_gpio.o
    0x080014b6   0x00000004   Code   RO          155    i.HardFault_Handler  stm32f10x_it.o
    0x080014ba   0x00000004   Code   RO          297    i.INTX_DISABLE      sys.o
    0x080014be   0x00000004   Code   RO          298    i.INTX_ENABLE       sys.o
    0x080014c2   0x00000002   PAD
    0x080014c4   0x0000009c   Code   RO         3518    i.IsCardProgramming  sdio_sdcard.o
    0x08001560   0x00000080   Code   RO         3447    i.LED_Init          led.o
    0x080015e0   0x00000058   Code   RO         4229    i.M8266HostIf_GPIO_CS_RESET_Init  m8266hostif_stm32xx.o
    0x08001638   0x0000000c   Code   RO         4230    i.M8266HostIf_Init  m8266hostif_stm32xx.o
    0x08001644   0x00000064   Code   RO         5198    i.M8266HostIf_SPI_DMA_StartReceiveSendData  M8266WIFIDrv_STM32F1xx.lib(m8266wifidrv.o)
    0x080016a8   0x00000094   Code   RO         4231    i.M8266HostIf_SPI_Init  m8266hostif_stm32xx.o
    0x0800173c   0x000000d4   Code   RO         5199    i.M8266HostIf_SPI_Select  M8266WIFIDrv_STM32F1xx.lib(m8266wifidrv.o)
    0x08001810   0x00000028   Code   RO         4233    i.M8266HostIf_SPI_SetSpeed  m8266hostif_stm32xx.o
    0x08001838   0x00000018   Code   RO         5200    i.M8266HostIf_SPI_rrs  M8266WIFIDrv_STM32F1xx.lib(m8266wifidrv.o)
    0x08001850   0x00000030   Code   RO         5201    i.M8266HostIf_SPI_wrs  M8266WIFIDrv_STM32F1xx.lib(m8266wifidrv.o)
    0x08001880   0x00000018   Code   RO         4234    i.M8266HostIf_Set_SPI_nCS_Pin  m8266hostif_stm32xx.o
    0x08001898   0x00000018   Code   RO         4235    i.M8266HostIf_Set_nRESET_Pin  m8266hostif_stm32xx.o
    0x080018b0   0x0000000c   Code   RO         4236    i.M8266HostIf_delay_us  m8266hostif_stm32xx.o
    0x080018bc   0x00000038   Code   RO         4287    i.M8266WIFI_Module_Hardware_Reset  m8266wifi_ops.o
    0x080018f4   0x00000108   Code   RO         4288    i.M8266WIFI_Module_Init_Via_SPI  m8266wifi_ops.o
    0x080019fc   0x00000024   Code   RO         4289    i.M8266WIFI_Module_delay_ms  m8266wifi_ops.o
    0x08001a20   0x00000016   Code   RO         5207    i.M8266WIFI_SPI_Config_STA_Param  M8266WIFIDrv_STM32F1xx.lib(m8266wifidrv.o)
    0x08001a36   0x00000012   Code   RO         5211    i.M8266WIFI_SPI_Delete_Connection  M8266WIFIDrv_STM32F1xx.lib(m8266wifidrv.o)
    0x08001a48   0x000000aa   Code   RO         5218    i.M8266WIFI_SPI_Get_Module_Info  M8266WIFIDrv_STM32F1xx.lib(m8266wifidrv.o)
    0x08001af2   0x00000066   Code   RO         5219    i.M8266WIFI_SPI_Get_Opmode  M8266WIFIDrv_STM32F1xx.lib(m8266wifidrv.o)
    0x08001b58   0x0000006c   Code   RO         5220    i.M8266WIFI_SPI_Get_STA_Connection_Status  M8266WIFIDrv_STM32F1xx.lib(m8266wifidrv.o)
    0x08001bc4   0x0000007c   Code   RO         5222    i.M8266WIFI_SPI_Get_STA_IP_Addr  M8266WIFIDrv_STM32F1xx.lib(m8266wifidrv.o)
    0x08001c40   0x00000016   Code   RO         5223    i.M8266WIFI_SPI_Has_DataReceived  M8266WIFIDrv_STM32F1xx.lib(m8266wifidrv.o)
    0x08001c56   0x00000002   PAD
    0x08001c58   0x00000048   Code   RO         5224    i.M8266WIFI_SPI_Interface_Communication_OK  M8266WIFIDrv_STM32F1xx.lib(m8266wifidrv.o)
    0x08001ca0   0x00000062   Code   RO         5225    i.M8266WIFI_SPI_Interface_Communication_Stress_Test  M8266WIFIDrv_STM32F1xx.lib(m8266wifidrv.o)
    0x08001d02   0x000000d6   Code   RO         5237    i.M8266WIFI_SPI_Query_Connection  M8266WIFIDrv_STM32F1xx.lib(m8266wifidrv.o)
    0x08001dd8   0x00000218   Code   RO         5251    i.M8266WIFI_SPI_Recv  M8266WIFIDrv_STM32F1xx.lib(m8266wifidrv.o)
    0x08001ff0   0x0000001c   Code   RO         5252    i.M8266WIFI_SPI_RecvData  M8266WIFIDrv_STM32F1xx.lib(m8266wifidrv.o)
    0x0800200c   0x000001c0   Code   RO         5256    i.M8266WIFI_SPI_STA_Connect_Ap  M8266WIFIDrv_STM32F1xx.lib(m8266wifidrv.o)
    0x080021cc   0x00000182   Code   RO         5257    i.M8266WIFI_SPI_STA_Connect_Ap_Old  M8266WIFIDrv_STM32F1xx.lib(m8266wifidrv.o)
    0x0800234e   0x00000096   Code   RO         5259    i.M8266WIFI_SPI_STA_Query_Current_SSID_And_RSSI  M8266WIFIDrv_STM32F1xx.lib(m8266wifidrv.o)
    0x080023e4   0x00000012   Code   RO         5261    i.M8266WIFI_SPI_Send_Data  M8266WIFIDrv_STM32F1xx.lib(m8266wifidrv.o)
    0x080023f6   0x0000008e   Code   RO         5265    i.M8266WIFI_SPI_Set_Opmode  M8266WIFIDrv_STM32F1xx.lib(m8266wifidrv.o)
    0x08002484   0x00000214   Code   RO         5272    i.M8266WIFI_SPI_Setup_Connection  M8266WIFIDrv_STM32F1xx.lib(m8266wifidrv.o)
    0x08002698   0x00000016   Code   RO         5273    i.M8266WIFI_SPI_Slave_Has_Response  M8266WIFIDrv_STM32F1xx.lib(m8266wifidrv.o)
    0x080026ae   0x00000016   Code   RO         5278    i.M8266WIFI_SPI_Status_Start_To_Rxd_Has_Been_Cleared  M8266WIFIDrv_STM32F1xx.lib(m8266wifidrv.o)
    0x080026c4   0x00000016   Code   RO         5279    i.M8266WIFI_SPI_TxdBuffer_Free  M8266WIFIDrv_STM32F1xx.lib(m8266wifidrv.o)
    0x080026da   0x00000002   PAD
    0x080026dc   0x000000e8   Code   RO         5282    i.M8266WIFI_SPI_capstp  M8266WIFIDrv_STM32F1xx.lib(m8266wifidrv.o)
    0x080027c4   0x00000058   Code   RO         5284    i.M8266WIFI_SPI_csb  M8266WIFIDrv_STM32F1xx.lib(m8266wifidrv.o)
    0x0800281c   0x00000152   Code   RO         5286    i.M8266WIFI_SPI_dlodc  M8266WIFIDrv_STM32F1xx.lib(m8266wifidrv.o)
    0x0800296e   0x000000ee   Code   RO         5288    i.M8266WIFI_SPI_qacal  M8266WIFIDrv_STM32F1xx.lib(m8266wifidrv.o)
    0x08002a5c   0x00000020   Code   RO         5291    i.M8266WIFI_SPI_rra  M8266WIFIDrv_STM32F1xx.lib(m8266wifidrv.o)
    0x08002a7c   0x00000042   Code   RO         5292    i.M8266WIFI_SPI_rru  M8266WIFIDrv_STM32F1xx.lib(m8266wifidrv.o)
    0x08002abe   0x00000002   PAD
    0x08002ac0   0x00000048   Code   RO         5293    i.M8266WIFI_SPI_rrud  M8266WIFIDrv_STM32F1xx.lib(m8266wifidrv.o)
    0x08002b08   0x0000001c   Code   RO         5295    i.M8266WIFI_SPI_sbis  M8266WIFIDrv_STM32F1xx.lib(m8266wifidrv.o)
    0x08002b24   0x0000023c   Code   RO         5296    i.M8266WIFI_SPI_sdfal  M8266WIFIDrv_STM32F1xx.lib(m8266wifidrv.o)
    0x08002d60   0x00000124   Code   RO         5297    i.M8266WIFI_SPI_srh  M8266WIFIDrv_STM32F1xx.lib(m8266wifidrv.o)
    0x08002e84   0x00000020   Code   RO         5298    i.M8266WIFI_SPI_ssa  M8266WIFIDrv_STM32F1xx.lib(m8266wifidrv.o)
    0x08002ea4   0x00000074   Code   RO         5299    i.M8266WIFI_SPI_ssb  M8266WIFIDrv_STM32F1xx.lib(m8266wifidrv.o)
    0x08002f18   0x000000a0   Code   RO         5300    i.M8266WIFI_SPI_ssmd  M8266WIFIDrv_STM32F1xx.lib(m8266wifidrv.o)
    0x08002fb8   0x0000004c   Code   RO         5301    i.M8266WIFI_SPI_ssu  M8266WIFIDrv_STM32F1xx.lib(m8266wifidrv.o)
    0x08003004   0x00000048   Code   RO         5302    i.M8266WIFI_SPI_ssud  M8266WIFIDrv_STM32F1xx.lib(m8266wifidrv.o)
    0x0800304c   0x0000004c   Code   RO         5303    i.M8266WIFI_SPI_ssut  M8266WIFIDrv_STM32F1xx.lib(m8266wifidrv.o)
    0x08003098   0x00000016   Code   RO         5304    i.M8266WIFI_SPI_tufs  M8266WIFIDrv_STM32F1xx.lib(m8266wifidrv.o)
    0x080030ae   0x00000002   PAD
    0x080030b0   0x00000050   Code   RO         4290    i.M8266WIFI_SPI_wait_sta_connecting_to_ap_and_get_ip  m8266wifi_ops.o
    0x08003100   0x0000003a   Code   RO         5306    i.M8266WIFI_SPI_wsbsbs1  M8266WIFIDrv_STM32F1xx.lib(m8266wifidrv.o)
    0x0800313a   0x00000042   Code   RO         5308    i.M8266WIFI_SPI_wscbf  M8266WIFIDrv_STM32F1xx.lib(m8266wifidrv.o)
    0x0800317c   0x0000004c   Code   RO         5309    i.M8266WIFI_SPI_wscr  M8266WIFIDrv_STM32F1xx.lib(m8266wifidrv.o)
    0x080031c8   0x00000054   Code   RO         5310    i.M8266WIFI_SPI_wspsr  M8266WIFIDrv_STM32F1xx.lib(m8266wifidrv.o)
    0x0800321c   0x00000054   Code   RO         5311    i.M8266WIFI_SPI_wspss  M8266WIFIDrv_STM32F1xx.lib(m8266wifidrv.o)
    0x08003270   0x0000003e   Code   RO         5313    i.M8266WIFI_SPI_wsscbhud  M8266WIFIDrv_STM32F1xx.lib(m8266wifidrv.o)
    0x080032ae   0x00000044   Code   RO         5314    i.M8266WIFI_SPI_wsscrhd  M8266WIFIDrv_STM32F1xx.lib(m8266wifidrv.o)
    0x080032f2   0x00000040   Code   RO         5316    i.M8266WIFI_Wait_SPI_sfad  M8266WIFIDrv_STM32F1xx.lib(m8266wifidrv.o)
    0x08003332   0x00000002   PAD
    0x08003334   0x00000070   Code   RO         3459    i.M8266_INIT        m8266_init.o
    0x080033a4   0x00000004   Code   RO          156    i.MemManage_Handler  stm32f10x_it.o
    0x080033a8   0x00000002   Code   RO          157    i.NMI_Handler       stm32f10x_it.o
    0x080033aa   0x00000002   PAD
    0x080033ac   0x00000070   Code   RO          393    i.NVIC_Init         misc.o
    0x0800341c   0x00000014   Code   RO          394    i.NVIC_PriorityGroupConfig  misc.o
    0x08003430   0x00000120   Code   RO         4026    i.OV7670_Init       ov7670.o
    0x08003550   0x0000008a   Code   RO         4029    i.OV7670_Window_Set  ov7670.o
    0x080035da   0x00000002   Code   RO          158    i.PendSV_Handler    stm32f10x_it.o
    0x080035dc   0x00000020   Code   RO         1995    i.RCC_AHBPeriphClockCmd  stm32f10x_rcc.o
    0x080035fc   0x00000020   Code   RO         1996    i.RCC_APB1PeriphClockCmd  stm32f10x_rcc.o
    0x0800361c   0x00000020   Code   RO         1997    i.RCC_APB1PeriphResetCmd  stm32f10x_rcc.o
    0x0800363c   0x00000020   Code   RO         1998    i.RCC_APB2PeriphClockCmd  stm32f10x_rcc.o
    0x0800365c   0x000000d4   Code   RO         2006    i.RCC_GetClocksFreq  stm32f10x_rcc.o
    0x08003730   0x00000070   Code   RO         3969    i.SCCB_Init         sccb.o
    0x080037a0   0x00000048   Code   RO         3970    i.SCCB_No_Ack       sccb.o
    0x080037e8   0x00000074   Code   RO         3971    i.SCCB_RD_Byte      sccb.o
    0x0800385c   0x0000004e   Code   RO         3972    i.SCCB_RD_Reg       sccb.o
    0x080038aa   0x00000002   PAD
    0x080038ac   0x00000034   Code   RO         3973    i.SCCB_Start        sccb.o
    0x080038e0   0x00000034   Code   RO         3974    i.SCCB_Stop         sccb.o
    0x08003914   0x000000ac   Code   RO         3975    i.SCCB_WR_Byte      sccb.o
    0x080039c0   0x0000003e   Code   RO         3976    i.SCCB_WR_Reg       sccb.o
    0x080039fe   0x00000002   PAD
    0x08003a00   0x000000ac   Code   RO         3519    i.SDEnWideBus       sdio_sdcard.o
    0x08003aac   0x0000000c   Code   RO         2288    i.SDIO_ClearFlag    stm32f10x_sdio.o
    0x08003ab8   0x0000000c   Code   RO         2290    i.SDIO_ClockCmd     stm32f10x_sdio.o
    0x08003ac4   0x00000014   Code   RO         3520    i.SDIO_Clock_Set    sdio_sdcard.o
    0x08003ad8   0x0000000c   Code   RO         2293    i.SDIO_DMACmd       stm32f10x_sdio.o
    0x08003ae4   0x00000030   Code   RO         2294    i.SDIO_DataConfig   stm32f10x_sdio.o
    0x08003b14   0x00000024   Code   RO         2296    i.SDIO_DeInit       stm32f10x_sdio.o
    0x08003b38   0x00000018   Code   RO         2300    i.SDIO_GetFlagStatus  stm32f10x_sdio.o
    0x08003b50   0x00000010   Code   RO         2302    i.SDIO_GetPowerState  stm32f10x_sdio.o
    0x08003b60   0x00000008   Code   RO         3521    i.SDIO_IRQHandler   sdio_sdcard.o
    0x08003b68   0x00000030   Code   RO         2305    i.SDIO_Init         stm32f10x_sdio.o
    0x08003b98   0x0000000c   Code   RO         2306    i.SDIO_ReadData     stm32f10x_sdio.o
    0x08003ba4   0x0000002c   Code   RO         2308    i.SDIO_SendCommand  stm32f10x_sdio.o
    0x08003bd0   0x0000001c   Code   RO         2310    i.SDIO_SetPowerState  stm32f10x_sdio.o
    0x08003bec   0x0000000c   Code   RO         2316    i.SDIO_WriteData    stm32f10x_sdio.o
    0x08003bf8   0x00000068   Code   RO         3522    i.SD_DMA_Config     sdio_sdcard.o
    0x08003c60   0x00000068   Code   RO         3523    i.SD_EnableWideBusOperation  sdio_sdcard.o
    0x08003cc8   0x00000314   Code   RO         3524    i.SD_GetCardInfo    sdio_sdcard.o
    0x08003fdc   0x00000100   Code   RO         3526    i.SD_Init           sdio_sdcard.o
    0x080040dc   0x00000154   Code   RO         3527    i.SD_InitializeCards  sdio_sdcard.o
    0x08004230   0x000001dc   Code   RO         3529    i.SD_PowerON        sdio_sdcard.o
    0x0800440c   0x0000013c   Code   RO         3530    i.SD_ProcessIRQSrc  sdio_sdcard.o
    0x08004548   0x00000258   Code   RO         3531    i.SD_ReadBlock      sdio_sdcard.o
    0x080047a0   0x00000098   Code   RO         3532    i.SD_ReadDisk       sdio_sdcard.o
    0x08004838   0x000002e8   Code   RO         3533    i.SD_ReadMultiBlocks  sdio_sdcard.o
    0x08004b20   0x00000030   Code   RO         3534    i.SD_SelectDeselect  sdio_sdcard.o
    0x08004b50   0x00000018   Code   RO         3536    i.SD_SetDeviceMode  sdio_sdcard.o
    0x08004b68   0x00000374   Code   RO         3537    i.SD_WriteBlock     sdio_sdcard.o
    0x08004edc   0x00000098   Code   RO         3538    i.SD_WriteDisk      sdio_sdcard.o
    0x08004f74   0x000003c0   Code   RO         3539    i.SD_WriteMultiBlocks  sdio_sdcard.o
    0x08005334   0x00000084   Code   RO         3887    i.SPI1_Init         spi.o
    0x080053b8   0x00000054   Code   RO         3888    i.SPI1_ReadWriteByte  spi.o
    0x0800540c   0x00000028   Code   RO         3889    i.SPI1_SetSpeed     spi.o
    0x08005434   0x00000018   Code   RO         2478    i.SPI_Cmd           stm32f10x_spi.o
    0x0800544c   0x00000012   Code   RO         2486    i.SPI_I2S_GetFlagStatus  stm32f10x_spi.o
    0x0800545e   0x00000006   Code   RO         2489    i.SPI_I2S_ReceiveData  stm32f10x_spi.o
    0x08005464   0x00000004   Code   RO         2490    i.SPI_I2S_SendData  stm32f10x_spi.o
    0x08005468   0x0000003c   Code   RO         2491    i.SPI_Init          stm32f10x_spi.o
    0x080054a4   0x00000174   Code   RO         5317    i.SPI_STA_Get_HostIP_by_HostName  M8266WIFIDrv_STM32F1xx.lib(m8266wifidrv.o)
    0x08005618   0x00000002   Code   RO          159    i.SVC_Handler       stm32f10x_it.o
    0x0800561a   0x00000008   Code   RO          216    i.SetSysClock       system_stm32f10x.o
    0x08005622   0x00000002   PAD
    0x08005624   0x000000e0   Code   RO          217    i.SetSysClockTo72   system_stm32f10x.o
    0x08005704   0x00000028   Code   RO          397    i.SysTick_CLKSourceConfig  misc.o
    0x0800572c   0x00000002   Code   RO          160    i.SysTick_Handler   stm32f10x_it.o
    0x0800572e   0x00000002   PAD
    0x08005730   0x00000060   Code   RO          219    i.SystemInit        system_stm32f10x.o
    0x08005790   0x0000005c   Code   RO         4139    i.TIM3_IRQHandler   time.o
    0x080057ec   0x0000005c   Code   RO         4140    i.TIM3_Int_Init     time.o
    0x08005848   0x00000058   Code   RO         4141    i.TIM4_IRQHandler   time.o
    0x080058a0   0x0000005c   Code   RO         4142    i.TIM4_Int_Init     time.o
    0x080058fc   0x00000006   Code   RO         2628    i.TIM_ClearITPendingBit  stm32f10x_tim.o
    0x08005902   0x00000018   Code   RO         2633    i.TIM_Cmd           stm32f10x_tim.o
    0x0800591a   0x00000022   Code   RO         2654    i.TIM_GetITStatus   stm32f10x_tim.o
    0x0800593c   0x00000012   Code   RO         2658    i.TIM_ITConfig      stm32f10x_tim.o
    0x0800594e   0x00000002   PAD
    0x08005950   0x000000a4   Code   RO         2704    i.TIM_TimeBaseInit  stm32f10x_tim.o
    0x080059f4   0x00000180   Code   RO          325    i.USART1_IRQHandler  usart.o
    0x08005b74   0x00000018   Code   RO         3169    i.USART_Cmd         stm32f10x_usart.o
    0x08005b8c   0x00000054   Code   RO         3173    i.USART_GetITStatus  stm32f10x_usart.o
    0x08005be0   0x0000004a   Code   RO         3175    i.USART_ITConfig    stm32f10x_usart.o
    0x08005c2a   0x00000002   PAD
    0x08005c2c   0x000000d8   Code   RO         3176    i.USART_Init        stm32f10x_usart.o
    0x08005d04   0x0000000a   Code   RO         3183    i.USART_ReceiveData  stm32f10x_usart.o
    0x08005d0e   0x00000004   Code   RO          161    i.UsageFault_Handler  stm32f10x_it.o
    0x08005d12   0x00000002   PAD
    0x08005d14   0x00000060   Code   RO         3715    i.VS_HD_Reset       vs10xx.o
    0x08005d74   0x00000060   Code   RO         3716    i.VS_Init           vs10xx.o
    0x08005dd4   0x00000070   Code   RO         3717    i.VS_Load_Patch     vs10xx.o
    0x08005e44   0x00000064   Code   RO         3718    i.VS_RD_Reg         vs10xx.o
    0x08005ea8   0x0000000c   Code   RO         3721    i.VS_SPI_ReadWriteByte  vs10xx.o
    0x08005eb4   0x0000000a   Code   RO         3722    i.VS_SPI_SpeedHigh  vs10xx.o
    0x08005ebe   0x0000000a   Code   RO         3723    i.VS_SPI_SpeedLow   vs10xx.o
    0x08005ec8   0x0000001a   Code   RO         3724    i.VS_SPK_Set        vs10xx.o
    0x08005ee2   0x00000002   PAD
    0x08005ee4   0x00000140   Code   RO         3731    i.VS_Sine_Test      vs10xx.o
    0x08006024   0x00000028   Code   RO         3734    i.VS_WRAM_Write     vs10xx.o
    0x0800604c   0x00000054   Code   RO         3735    i.VS_WR_Cmd         vs10xx.o
    0x080060a0   0x00000098   Code   RO         3460    i.WIFI_SEND         m8266_init.o
    0x08006138   0x00000006   Code   RO          326    i._sys_exit         usart.o
    0x0800613e   0x00000002   PAD
    0x08006140   0x00000194   Code   RO         5088    i.bmp_encode        bmp.o
    0x080062d4   0x00000090   Code   RO         4648    i.check_fs          ff.o
    0x08006364   0x00000014   Code   RO         4649    i.chk_chr           ff.o
    0x08006378   0x00000032   Code   RO         4650    i.clmt_clust        ff.o
    0x080063aa   0x0000001a   Code   RO         4651    i.clust2sect        ff.o
    0x080063c4   0x00000090   Code   RO         4652    i.cmp_lfn           ff.o
    0x08006454   0x00000012   Code   RO         3540    i.convert_from_bytes_to_power_of_two  sdio_sdcard.o
    0x08006466   0x000000d6   Code   RO         4653    i.create_chain      ff.o
    0x0800653c   0x00000270   Code   RO         4654    i.create_name       ff.o
    0x080067ac   0x00000044   Code   RO          250    i.delay_init        delay.o
    0x080067f0   0x0000004c   Code   RO          251    i.delay_ms          delay.o
    0x0800683c   0x0000004c   Code   RO          252    i.delay_us          delay.o
    0x08006888   0x0000005c   Code   RO         4655    i.dir_alloc         ff.o
    0x080068e4   0x000000ea   Code   RO         4656    i.dir_find          ff.o
    0x080069ce   0x0000010e   Code   RO         4657    i.dir_next          ff.o
    0x08006adc   0x000000c6   Code   RO         4658    i.dir_read          ff.o
    0x08006ba2   0x0000012a   Code   RO         4659    i.dir_register      ff.o
    0x08006ccc   0x0000006a   Code   RO         4660    i.dir_remove        ff.o
    0x08006d36   0x0000009e   Code   RO         4661    i.dir_sdi           ff.o
    0x08006dd4   0x00000034   Code   RO         4588    i.disk_initialize   diskio.o
    0x08006e08   0x000000b4   Code   RO         4589    i.disk_ioctl        diskio.o
    0x08006ebc   0x0000006e   Code   RO         4590    i.disk_read         diskio.o
    0x08006f2a   0x00000006   Code   RO         4591    i.disk_status       diskio.o
    0x08006f30   0x0000006e   Code   RO         4592    i.disk_write        diskio.o
    0x08006f9e   0x00000002   PAD
    0x08006fa0   0x00000084   Code   RO         4410    i.exfuns_init       exfuns.o
    0x08007024   0x00000020   Code   RO         4663    i.f_close           ff.o
    0x08007044   0x000002ac   Code   RO         4668    i.f_lseek           ff.o
    0x080072f0   0x0000017c   Code   RO         4669    i.f_mkdir           ff.o
    0x0800746c   0x0000005c   Code   RO         4671    i.f_mount           ff.o
    0x080074c8   0x00000180   Code   RO         4672    i.f_open            ff.o
    0x08007648   0x00000088   Code   RO         4673    i.f_opendir         ff.o
    0x080076d0   0x000001b0   Code   RO         4677    i.f_read            ff.o
    0x08007880   0x000000b0   Code   RO         4682    i.f_sync            ff.o
    0x08007930   0x000000be   Code   RO         4684    i.f_unlink          ff.o
    0x080079ee   0x000001ea   Code   RO         4686    i.f_write           ff.o
    0x08007bd8   0x0000007c   Code   RO         4989    i.ff_convert        cc936.o
    0x08007c54   0x0000000e   Code   RO         4593    i.ff_memalloc       diskio.o
    0x08007c62   0x0000000e   Code   RO         4594    i.ff_memfree        diskio.o
    0x08007c70   0x00000038   Code   RO         4990    i.ff_wtoupper       cc936.o
    0x08007ca8   0x00000394   Code   RO         4687    i.find_volume       ff.o
    0x0800803c   0x00000080   Code   RO         4688    i.fit_lfn           ff.o
    0x080080bc   0x00000090   Code   RO         4689    i.follow_path       ff.o
    0x0800814c   0x0000001c   Code   RO          327    i.fputc             usart.o
    0x08008168   0x0000004c   Code   RO         5319    i.fvcp              M8266WIFIDrv_STM32F1xx.lib(m8266wifidrv.o)
    0x080081b4   0x00000030   Code   RO         5321    i.fvdnstap          M8266WIFIDrv_STM32F1xx.lib(m8266wifidrv.o)
    0x080081e4   0x000000cc   Code   RO         4690    i.gen_numname       ff.o
    0x080082b0   0x000000f2   Code   RO         4691    i.get_fat           ff.o
    0x080083a2   0x00000004   Code   RO         4595    i.get_fattime       diskio.o
    0x080083a6   0x0000004a   Code   RO         4693    i.get_ldnumber      ff.o
    0x080083f0   0x00000020   Code   RO         4694    i.ld_clust          ff.o
    0x08008410   0x00000334   Code   RO            1    i.main              main.o
    0x08008744   0x00000026   Code   RO         4695    i.mem_cmp           ff.o
    0x0800876a   0x0000001a   Code   RO         4696    i.mem_cpy           ff.o
    0x08008784   0x00000014   Code   RO         4697    i.mem_set           ff.o
    0x08008798   0x00000034   Code   RO         4698    i.move_window       ff.o
    0x080087cc   0x0000006c   Code   RO         5018    i.my_mem_free       malloc.o
    0x08008838   0x00000044   Code   RO         5019    i.my_mem_init       malloc.o
    0x0800887c   0x000000a8   Code   RO         5020    i.my_mem_malloc     malloc.o
    0x08008924   0x00000040   Code   RO         5021    i.my_mem_perused    malloc.o
    0x08008964   0x00000024   Code   RO         5022    i.myfree            malloc.o
    0x08008988   0x00000028   Code   RO         5023    i.mymalloc          malloc.o
    0x080089b0   0x00000014   Code   RO         5025    i.mymemset          malloc.o
    0x080089c4   0x0000000e   Code   RO         5133    i.pic_memalloc      piclib.o
    0x080089d2   0x0000000e   Code   RO         5134    i.pic_memfree       piclib.o
    0x080089e0   0x00000074   Code   RO         4699    i.pick_lfn          ff.o
    0x08008a54   0x00000142   Code   RO         4700    i.put_fat           ff.o
    0x08008b96   0x0000009a   Code   RO         3914    i.rec_play_wav      sound_get.o
    0x08008c30   0x00000058   Code   RO         3915    i.recoder_enter_rec_mode  sound_get.o
    0x08008c88   0x00000030   Code   RO         3916    i.recoder_new_pathname  sound_get.o
    0x08008cb8   0x0000023c   Code   RO         3917    i.recoder_play      sound_get.o
    0x08008ef4   0x00000050   Code   RO         3918    i.recoder_wav_init  sound_get.o
    0x08008f44   0x0000006c   Code   RO         4702    i.remove_chain      ff.o
    0x08008fb0   0x00000010   Code   RO         4703    i.st_clust          ff.o
    0x08008fc0   0x00000020   Code   RO         4704    i.sum_sfn           ff.o
    0x08008fe0   0x000000c8   Code   RO         4705    i.sync_fs           ff.o
    0x080090a8   0x00000052   Code   RO         4706    i.sync_window       ff.o
    0x080090fa   0x00000002   PAD
    0x080090fc   0x000000a0   Code   RO          328    i.uart_init         usart.o
    0x0800919c   0x00000036   Code   RO         4707    i.validate          ff.o
    0x080091d2   0x00000002   PAD
    0x080091d4   0x00000058   Code   RO         3461    i.wifi_connect      m8266_init.o
    0x0800922c   0x00000050   Data   RO         3919    .constdata          sound_get.o
    0x0800927c   0x00000150   Data   RO         4030    .constdata          ov7670.o
    0x080093cc   0x0000003a   Data   RO         4708    .constdata          ff.o
    0x08009406   0x0002acc8   Data   RO         4991    .constdata          cc936.o
    0x080340ce   0x00000002   PAD
    0x080340d0   0x00000018   Data   RO         5030    .constdata          malloc.o
    0x080340e8   0x00000022   Data   RO         5323    .constdata          M8266WIFIDrv_STM32F1xx.lib(m8266wifidrv.o)
    0x0803410a   0x00000002   PAD
    0x0803410c   0x00000020   Data   RO         5745    Region$$Table       anon$$obj.o


    Execution Region ER_RW (Base: 0x20000000, Size: 0x00000120, Max: 0xffffffff, ABSOLUTE)

    Base Addr    Size         Type   Attr      Idx    E Section Name        Object

    0x20000000   0x00000014   Data   RW          220    .data               system_stm32f10x.o
    0x20000014   0x00000004   Data   RW          253    .data               delay.o
    0x20000018   0x00000008   Data   RW          330    .data               usart.o
    0x20000020   0x00000014   Data   RW         2026    .data               stm32f10x_rcc.o
    0x20000034   0x00000010   Data   RW         3542    .data               sdio_sdcard.o
    0x20000044   0x00000002   Data   RW         3920    .data               sound_get.o
    0x20000046   0x00000004   Data   RW         4084    .data               ext.o
    0x2000004a   0x00000004   Data   RW         4143    .data               time.o
    0x2000004e   0x00000002   PAD
    0x20000050   0x00000059   Data   RW         4396    .data               global.o
    0x200000a9   0x00000003   PAD
    0x200000ac   0x0000001c   Data   RW         4415    .data               exfuns.o
    0x200000c8   0x00000002   Data   RW         4596    .data               diskio.o
    0x200000ca   0x00000002   PAD
    0x200000cc   0x0000000a   Data   RW         4709    .data               ff.o
    0x200000d6   0x00000002   PAD
    0x200000d8   0x0000001c   Data   RW         5031    .data               malloc.o
    0x200000f4   0x00000029   Data   RW         5324    .data               M8266WIFIDrv_STM32F1xx.lib(m8266wifidrv.o)


    Execution Region ER_ZI (Base: 0x20000120, Size: 0x0000b628, Max: 0xffffffff, ABSOLUTE)

    Base Addr    Size         Type   Attr      Idx    E Section Name        Object

    0x20000120   0x000000c8   Zero   RW          329    .bss                usart.o
    0x200001e8   0x000002c0   Zero   RW         3541    .bss                sdio_sdcard.o
    0x200004a8   0x000001f4   Zero   RW         4083    .bss                ext.o
    0x2000069c   0x00000004   PAD
    0x200006a0   0x0000aa00   Zero   RW         5029    .bss                malloc.o
    0x2000b0a0   0x00000044   Zero   RW         5322    .bss                M8266WIFIDrv_STM32F1xx.lib(m8266wifidrv.o)
    0x2000b0e4   0x00000060   Zero   RW         5620    .bss                c_w.l(libspace.o)
    0x2000b144   0x00000004   PAD
    0x2000b148   0x00000200   Zero   RW          387    HEAP                startup_stm32f10x_hd.o
    0x2000b348   0x00000400   Zero   RW          386    STACK               startup_stm32f10x_hd.o



  Load Region LR$$.ARM.__AT_0x68000000 (Base: 0x68000000, Size: 0x00000000, Max: 0x00000020, ABSOLUTE)

    Execution Region ER$$.ARM.__AT_0x68000000 (Base: 0x68000000, Size: 0x00000020, Max: 0x00000020, ABSOLUTE, UNINIT)

    Base Addr    Size         Type   Attr      Idx    E Section Name        Object

    0x68000000   0x00000020   Zero   RW         5027    .ARM.__AT_0x68000000  malloc.o



  Load Region LR$$.ARM.__AT_0x68000020 (Base: 0x68000020, Size: 0x00000000, Max: 0x00000004, ABSOLUTE)

    Execution Region ER$$.ARM.__AT_0x68000020 (Base: 0x68000020, Size: 0x00000004, Max: 0x00000004, ABSOLUTE, UNINIT)

    Base Addr    Size         Type   Attr      Idx    E Section Name        Object

    0x68000020   0x00000002   Zero   RW         5028    .ARM.__AT_0x68000020  malloc.o


==============================================================================

Image component sizes


      Code (inc. data)   RO Data    RW Data    ZI Data      Debug   Object Name

       404         22          0          0          0       2726   bmp.o
        56         10          0          0          0        484   buuz_out.o
       180         18     175304          0          0       2375   cc936.o
       220         26          0          4          0     208487   delay.o
       422         32          0          0          0       3640   dht11.o
       490         14          0          2          0       6088   diskio.o
       132         18          0         28          0       1506   exfuns.o
       614         56          0          4        500       3781   ext.o
      8380         68         58         10          0      38128   ff.o
         0          0          0         89          0        824   global.o
       128         22          0          0          0        491   led.o
       352         48          0          0          0       2172   m8266_init.o
       348         26          0          0          0       3712   m8266hostif_stm32xx.o
       436         50          0          0          0       3275   m8266wifi_ops.o
       820        216          0          0          0     280911   main.o
       504         60         24         28      43554       5701   malloc.o
       172         22          0          0          0       1953   misc.o
       426         30        336          0          0       2008   ov7670.o
        28          0          0          0          0        949   piclib.o
       716         80          0          0          0       4193   sccb.o
      7230        386          0         16        704      32030   sdio_sdcard.o
       942        112         80          2          0       4965   sound_get.o
       256         18          0          0          0       1665   spi.o
        64         26        304          0       1536        776   startup_stm32f10x_hd.o
       416          8          0          0          0       3318   stm32f10x_dma.o
       200         18          0          0          0       1996   stm32f10x_exti.o
       508         10          0          0          0       4395   stm32f10x_gpio.o
        26          0          0          0          0       3478   stm32f10x_it.o
       340         44          0         20          0       5399   stm32f10x_rcc.o
       304         72          0          0          0       7694   stm32f10x_sdio.o
       112          0          0          0          0       3662   stm32f10x_spi.o
       246         42          0          0          0       3390   stm32f10x_tim.o
       408          6          0          0          0       4802   stm32f10x_usart.o
         8          0          0          0          0        817   sys.o
       328         28          0         20          0       1957   system_stm32f10x.o
       364         46          0          4          0       2536   time.o
       578         96          0          8        200       4324   usart.o
       906         78          0          0          0       6472   vs10xx.o

    ----------------------------------------------------------------------
     28100       1808     176140        244      46500     667080   Object Totals
         0          0         32          0          0          0   (incl. Generated)
        36          0          2          9          6          0   (incl. Padding)

    ----------------------------------------------------------------------

      Code (inc. data)   RO Data    RW Data    ZI Data      Debug   Library Member Name

      7210        192         34         41         68       4540   m8266wifidrv.o
         8          0          0          0          0         68   __main.o
       104          0          0          0          0         84   __printf.o
         0          0          0          0          0          0   __rtentry.o
        12          0          0          0          0          0   __rtentry2.o
         6          0          0          0          0          0   __rtentry4.o
        52          8          0          0          0          0   __scatter.o
        26          0          0          0          0          0   __scatter_copy.o
        28          0          0          0          0          0   __scatter_zi.o
        44          0          0          0          0        108   _printf_char.o
        48          6          0          0          0         96   _printf_char_common.o
        36          4          0          0          0         80   _printf_char_file.o
         6          0          0          0          0          0   _printf_d.o
       120         16          0          0          0         92   _printf_dec.o
       178          0          0          0          0         88   _printf_intcommon.o
         0          0          0          0          0          0   _printf_percent.o
         4          0          0          0          0          0   _printf_percent_end.o
         6          0          0          0          0          0   _printf_s.o
        82          0          0          0          0         80   _printf_str.o
        10          0          0          0          0         68   _sputc.o
        12          0          0          0          0         72   exit.o
         8          0          0          0          0         68   ferror.o
         6          0          0          0          0        152   heapauxi.o
         2          0          0          0          0          0   libinit.o
         2          0          0          0          0          0   libinit2.o
         2          0          0          0          0          0   libshutdown.o
         2          0          0          0          0          0   libshutdown2.o
         8          4          0          0         96         68   libspace.o
        72          0          0          0          0         76   llsdiv.o
       238          0          0          0          0        100   lludivv7m.o
        24          4          0          0          0         84   noretval__2printf.o
        40          6          0          0          0         84   noretval__2sprintf.o
        78          0          0          0          0         80   rt_memclr_w.o
       138          0          0          0          0         68   rt_memcpy_v6.o
       100          0          0          0          0         80   rt_memcpy_w.o
         2          0          0          0          0          0   rtexit.o
        10          0          0          0          0          0   rtexit2.o
       128          0          0          0          0         68   strcmpv7m.o
        62          0          0          0          0         76   strlen.o
        74          0          0          0          0         80   sys_stackheap_outer.o
         2          0          0          0          0         68   use_no_semi.o
         2          0          0          0          0         68   use_no_semi_2.o

    ----------------------------------------------------------------------
      9016        240         36         44        168       6596   Library Totals
        24          0          2          3          4          0   (incl. Padding)

    ----------------------------------------------------------------------

      Code (inc. data)   RO Data    RW Data    ZI Data      Debug   Library Name

      7210        192         34         41         68       4540   M8266WIFIDrv_STM32F1xx.lib
      1782         48          0          0         96       2056   c_w.l

    ----------------------------------------------------------------------
      9016        240         36         44        168       6596   Library Totals

    ----------------------------------------------------------------------

==============================================================================


      Code (inc. data)   RO Data    RW Data    ZI Data      Debug   

     37116       2048     176176        288      46668     658748   Grand Totals
     37116       2048     176176        288      46668     658748   ELF Image Totals
     37116       2048     176176        288          0          0   ROM Totals

==============================================================================

    Total RO  Size (Code + RO Data)               213292 ( 208.29kB)
    Total RW  Size (RW Data + ZI Data)             46956 (  45.86kB)
    Total ROM Size (Code + RO Data + RW Data)     213580 ( 208.57kB)

==============================================================================

